

================================================================
== Synthesis Summary Report of 'ss_sort'
================================================================
+ General Information: 
    * Date:           Tue Jan 16 03:00:55 2024
    * Version:        2020.2 (Build 3064766 on Wed Nov 18 09:12:47 MST 2020)
    * Project:        sort_syn
    * Solution:       solution (Vivado IP Flow Target)
    * Product family: zynquplus
    * Target device:  xczu19eg-ffvc1760-2-i
    

+ Performance & Resource Estimates: 
    
    PS: '+' for module; 'o' for loop; '*' for dataflow
    +-------------------------+------+--------+---------+-----------+----------+---------+------+----------+------+----+------------+------------+-----+
    |         Modules         | Issue|        | Latency |  Latency  | Iteration|         | Trip |          |      |    |            |            |     |
    |         & Loops         | Type |  Slack | (cycles)|    (ns)   |  Latency | Interval| Count| Pipelined| BRAM | DSP|     FF     |     LUT    | URAM|
    +-------------------------+------+--------+---------+-----------+----------+---------+------+----------+------+----+------------+------------+-----+
    |+ ss_sort                |     -|   -6.14|   330001|  3.300e+06|         -|   330002|     -|        no|     -|   -|  3819 (~0%)|   9928 (1%)|    -|
    | + grp_update_1_fu_1227  |     -|   -6.14|     4100|  4.100e+04|         -|     4100|     -|        no|     -|   -|   300 (~0%)|  1896 (~0%)|    -|
    |  o update_1             |    II|  -10.00|     4098|  4.098e+04|         9|        8|   512|       yes|     -|   -|           -|           -|    -|
    | o sort_1                |     -|  -10.00|   330000|  3.300e+06|     20625|        -|    16|        no|     -|   -|           -|           -|    -|
    |  o init_1               |    II|  -10.00|     4096|  4.096e+04|         2|        2|  2048|       yes|     -|   -|           -|           -|    -|
    |  o hist_1               |    II|  -10.00|     4096|  4.096e+04|         9|        8|   512|       yes|     -|   -|           -|           -|    -|
    |  o hist_1               |    II|  -10.00|     4096|  4.096e+04|         9|        8|   512|       yes|     -|   -|           -|           -|    -|
    |  o local_1              |    II|  -10.00|     3968|  3.968e+04|        31|       31|   128|       yes|     -|   -|           -|           -|    -|
    |  o sum_1                |    II|  -10.00|      254|  2.540e+03|         2|        2|   127|       yes|     -|   -|           -|           -|    -|
    |  o last_1               |    II|  -10.00|     4096|  4.096e+04|        32|       32|   128|       yes|     -|   -|           -|           -|    -|
    +-------------------------+------+--------+---------+-----------+----------+---------+------+----------+------+----+------------+------------+-----+

