

================================================================
== Synthesis Summary Report of 'gemm'
================================================================
+ General Information: 
    * Date:           Thu Dec 14 23:08:13 2023
    * Version:        2020.2 (Build 3064766 on Wed Nov 18 09:12:47 MST 2020)
    * Project:        gemm_hls
    * Solution:       solution (Vivado IP Flow Target)
    * Product family: virtex7
    * Target device:  xc7v585t-ffg1761-2
    

+ Performance & Resource Estimates: 
    
    PS: '+' for module; 'o' for loop; '*' for dataflow
    +-----------------+--------+-------+---------+-----------+----------+---------+------+----------+------+---------+------------+-----------+-----+
    |     Modules     |  Issue |       | Latency |  Latency  | Iteration|         | Trip |          |      |         |            |           |     |
    |     & Loops     |  Type  | Slack | (cycles)|    (ns)   |  Latency | Interval| Count| Pipelined| BRAM |   DSP   |     FF     |    LUT    | URAM|
    +-----------------+--------+-------+---------+-----------+----------+---------+------+----------+------+---------+------------+-----------+-----+
    |+ gemm           |  Timing|   0.37|   131369|  1.314e+06|         -|   131370|     -|        no|     -|  28 (2%)|  10666 (1%)|  6641 (1%)|    -|
    | o outer_middle  |      II|  -7.30|   131367|  1.314e+06|       328|       32|  4096|       yes|     -|        -|           -|          -|    -|
    +-----------------+--------+-------+---------+-----------+----------+---------+------+----------+------+---------+------------+-----------+-----+

