Copyright 1986-2022 Xilinx, Inc. All Rights Reserved.
-----------------------------------------------------------------------------------------------------------------------------------
| Tool Version : Vivado v.2022.1 (lin64) Build 3526262 Mon Apr 18 15:47:01 MDT 2022
| Date         : Wed Dec 20 22:07:37 2023
| Host         : open21 running 64-bit Ubuntu 20.04.2 LTS
| Command      : report_utilization -hierarchical -hierarchical_depth 7 -file ./report/backprop_utilization_hierarchical_synth.rpt
| Design       : bd_0_wrapper
| Device       : xc7v585tffg1761-2
| Speed File   : -2
| Design State : Synthesized
-----------------------------------------------------------------------------------------------------------------------------------

Utilization Design Information

Table of Contents
-----------------
1. Utilization by Hierarchy

1. Utilization by Hierarchy
---------------------------

+----------------------------------------------------------------------------------------+----------------------------------------------------------------------------------------+------------+------------+---------+------+-------+--------+--------+------------+
|                                        Instance                                        |                                         Module                                         | Total LUTs | Logic LUTs | LUTRAMs | SRLs |  FFs  | RAMB36 | RAMB18 | DSP Blocks |
+----------------------------------------------------------------------------------------+----------------------------------------------------------------------------------------+------------+------------+---------+------+-------+--------+--------+------------+
| bd_0_wrapper                                                                           |                                                                                  (top) |      73299 |      63603 |       0 | 9696 | 83631 |     21 |      1 |        110 |
|   bd_0_i                                                                               |                                                                                   bd_0 |      73299 |      63603 |       0 | 9696 | 83631 |     21 |      1 |        110 |
|     hls_inst                                                                           |                                                                        bd_0_hls_inst_0 |      73299 |      63603 |       0 | 9696 | 83631 |     21 |      1 |        110 |
|       inst                                                                             |                                                               bd_0_hls_inst_0_backprop |      73299 |      63603 |       0 | 9696 | 83631 |     21 |      1 |        110 |
|         (inst)                                                                         |                                                               bd_0_hls_inst_0_backprop |        111 |        111 |       0 |    0 | 18987 |      0 |      0 |          0 |
|         activations1_U                                                                 |                                    bd_0_hls_inst_0_backprop_activations1_RAM_AUTO_1R1W |         38 |         38 |       0 |    0 |     0 |      2 |      0 |          0 |
|         activations2_U                                                                 |                                  bd_0_hls_inst_0_backprop_activations1_RAM_AUTO_1R1W_0 |         37 |         37 |       0 |    0 |     0 |      2 |      0 |          0 |
|         dactivations1_U                                                                |                                   bd_0_hls_inst_0_backprop_dactivations1_RAM_AUTO_1R1W |          0 |          0 |       0 |    0 |     0 |      1 |      0 |          0 |
|         dactivations2_U                                                                |                                 bd_0_hls_inst_0_backprop_dactivations1_RAM_AUTO_1R1W_1 |          0 |          0 |       0 |    0 |     0 |      1 |      0 |          0 |
|         dadddsub_64ns_64ns_64_5_full_dsp_1_U566                                        |                            bd_0_hls_inst_0_backprop_dadddsub_64ns_64ns_64_5_full_dsp_1 |        680 |        680 |       0 |    0 |   396 |      0 |      0 |          3 |
|           (dadddsub_64ns_64ns_64_5_full_dsp_1_U566)                                    |                            bd_0_hls_inst_0_backprop_dadddsub_64ns_64ns_64_5_full_dsp_1 |          7 |          7 |       0 |    0 |   129 |      0 |      0 |          0 |
|           backprop_dadddsub_64ns_64ns_64_5_full_dsp_1_ip_u                             |                    bd_0_hls_inst_0_backprop_dadddsub_64ns_64ns_64_5_full_dsp_1_ip_3143 |        673 |        673 |       0 |    0 |   267 |      0 |      0 |          3 |
|             (backprop_dadddsub_64ns_64ns_64_5_full_dsp_1_ip_u)                         |                    bd_0_hls_inst_0_backprop_dadddsub_64ns_64ns_64_5_full_dsp_1_ip_3143 |          1 |          1 |       0 |    0 |     0 |      0 |      0 |          0 |
|             inst                                                                       |                                              bd_0_hls_inst_0_floating_point_v7_1_14__5 |        672 |        672 |       0 |    0 |   267 |      0 |      0 |          3 |
|               (inst)                                                                   |                                              bd_0_hls_inst_0_floating_point_v7_1_14__5 |          0 |          0 |       0 |    0 |     0 |      0 |      0 |          0 |
|               i_synth                                                                  |                                          bd_0_hls_inst_0_floating_point_v7_1_14_viv__5 |        672 |        672 |       0 |    0 |   267 |      0 |      0 |          3 |
|         dadddsub_64ns_64ns_64_5_full_dsp_1_U567                                        |                          bd_0_hls_inst_0_backprop_dadddsub_64ns_64ns_64_5_full_dsp_1_2 |        673 |        673 |       0 |    0 |   396 |      0 |      0 |          3 |
|           (dadddsub_64ns_64ns_64_5_full_dsp_1_U567)                                    |                          bd_0_hls_inst_0_backprop_dadddsub_64ns_64ns_64_5_full_dsp_1_2 |          1 |          1 |       0 |    0 |   129 |      0 |      0 |          0 |
|           backprop_dadddsub_64ns_64ns_64_5_full_dsp_1_ip_u                             |                    bd_0_hls_inst_0_backprop_dadddsub_64ns_64ns_64_5_full_dsp_1_ip_3049 |        672 |        672 |       0 |    0 |   267 |      0 |      0 |          3 |
|             (backprop_dadddsub_64ns_64ns_64_5_full_dsp_1_ip_u)                         |                    bd_0_hls_inst_0_backprop_dadddsub_64ns_64ns_64_5_full_dsp_1_ip_3049 |          0 |          0 |       0 |    0 |     0 |      0 |      0 |          0 |
|             inst                                                                       |                                                 bd_0_hls_inst_0_floating_point_v7_1_14 |        672 |        672 |       0 |    0 |   267 |      0 |      0 |          3 |
|               (inst)                                                                   |                                                 bd_0_hls_inst_0_floating_point_v7_1_14 |          0 |          0 |       0 |    0 |     0 |      0 |      0 |          0 |
|               i_synth                                                                  |                                             bd_0_hls_inst_0_floating_point_v7_1_14_viv |        672 |        672 |       0 |    0 |   267 |      0 |      0 |          3 |
|         ddiv_64ns_64ns_64_22_no_dsp_1_U570                                             |                                 bd_0_hls_inst_0_backprop_ddiv_64ns_64ns_64_22_no_dsp_1 |       3322 |       3256 |       0 |   66 |  2193 |      0 |      0 |          0 |
|           (ddiv_64ns_64ns_64_22_no_dsp_1_U570)                                         |                                 bd_0_hls_inst_0_backprop_ddiv_64ns_64ns_64_22_no_dsp_1 |          0 |          0 |       0 |    0 |   128 |      0 |      0 |          0 |
|           backprop_ddiv_64ns_64ns_64_22_no_dsp_1_ip_u                                  |                         bd_0_hls_inst_0_backprop_ddiv_64ns_64ns_64_22_no_dsp_1_ip_2827 |       3322 |       3256 |       0 |   66 |  2065 |      0 |      0 |          0 |
|             (backprop_ddiv_64ns_64ns_64_22_no_dsp_1_ip_u)                              |                         bd_0_hls_inst_0_backprop_ddiv_64ns_64ns_64_22_no_dsp_1_ip_2827 |         96 |         96 |       0 |    0 |     0 |      0 |      0 |          0 |
|             inst                                                                       |                              bd_0_hls_inst_0_floating_point_v7_1_14__parameterized1__1 |       3226 |       3160 |       0 |   66 |  2065 |      0 |      0 |          0 |
|               (inst)                                                                   |                              bd_0_hls_inst_0_floating_point_v7_1_14__parameterized1__1 |          0 |          0 |       0 |    0 |     0 |      0 |      0 |          0 |
|               i_synth                                                                  |                          bd_0_hls_inst_0_floating_point_v7_1_14_viv__parameterized3__1 |       3226 |       3160 |       0 |   66 |  2065 |      0 |      0 |          0 |
|         delta_weights1_U                                                               |                                  bd_0_hls_inst_0_backprop_delta_weights1_RAM_AUTO_1R1W |          0 |          0 |       0 |    0 |     0 |      2 |      0 |          0 |
|         delta_weights2_U                                                               |                                  bd_0_hls_inst_0_backprop_delta_weights2_RAM_AUTO_1R1W |          0 |          0 |       0 |    0 |     0 |      7 |      1 |          0 |
|         delta_weights3_U                                                               |                                  bd_0_hls_inst_0_backprop_delta_weights3_RAM_AUTO_1R1W |          0 |          0 |       0 |    0 |     0 |      2 |      0 |          0 |
|         dexp_64ns_64ns_64_13_full_dsp_1_U571                                           |                               bd_0_hls_inst_0_backprop_dexp_64ns_64ns_64_13_full_dsp_1 |       1866 |       1803 |       0 |   63 |  1032 |      0 |      0 |         26 |
|           (dexp_64ns_64ns_64_13_full_dsp_1_U571)                                       |                               bd_0_hls_inst_0_backprop_dexp_64ns_64ns_64_13_full_dsp_1 |          0 |          0 |       0 |    0 |    64 |      0 |      0 |          0 |
|           backprop_dexp_64ns_64ns_64_13_full_dsp_1_ip_u                                |                            bd_0_hls_inst_0_backprop_dexp_64ns_64ns_64_13_full_dsp_1_ip |       1866 |       1803 |       0 |   63 |   968 |      0 |      0 |         26 |
|             (backprop_dexp_64ns_64ns_64_13_full_dsp_1_ip_u)                            |                            bd_0_hls_inst_0_backprop_dexp_64ns_64ns_64_13_full_dsp_1_ip |          0 |          0 |       0 |    0 |     0 |      0 |      0 |          0 |
|             inst                                                                       |                                 bd_0_hls_inst_0_floating_point_v7_1_14__parameterized3 |       1866 |       1803 |       0 |   63 |   968 |      0 |      0 |         26 |
|               (inst)                                                                   |                                 bd_0_hls_inst_0_floating_point_v7_1_14__parameterized3 |          0 |          0 |       0 |    0 |     0 |      0 |      0 |          0 |
|               i_synth                                                                  |                             bd_0_hls_inst_0_floating_point_v7_1_14_viv__parameterized7 |       1866 |       1803 |       0 |   63 |   968 |      0 |      0 |         26 |
|         dmul_64ns_64ns_64_5_max_dsp_1_U568                                             |                                 bd_0_hls_inst_0_backprop_dmul_64ns_64ns_64_5_max_dsp_1 |        137 |        137 |       0 |    0 |   314 |      0 |      0 |         11 |
|           (dmul_64ns_64ns_64_5_max_dsp_1_U568)                                         |                                 bd_0_hls_inst_0_backprop_dmul_64ns_64ns_64_5_max_dsp_1 |         37 |         37 |       0 |    0 |   193 |      0 |      0 |          0 |
|           backprop_dmul_64ns_64ns_64_5_max_dsp_1_ip_u                                  |                         bd_0_hls_inst_0_backprop_dmul_64ns_64ns_64_5_max_dsp_1_ip_2740 |        100 |        100 |       0 |    0 |   121 |      0 |      0 |         11 |
|             (backprop_dmul_64ns_64ns_64_5_max_dsp_1_ip_u)                              |                         bd_0_hls_inst_0_backprop_dmul_64ns_64ns_64_5_max_dsp_1_ip_2740 |          0 |          0 |       0 |    0 |     0 |      0 |      0 |          0 |
|             inst                                                                       |                              bd_0_hls_inst_0_floating_point_v7_1_14__parameterized0__2 |        100 |        100 |       0 |    0 |   121 |      0 |      0 |         11 |
|               (inst)                                                                   |                              bd_0_hls_inst_0_floating_point_v7_1_14__parameterized0__2 |          0 |          0 |       0 |    0 |     0 |      0 |      0 |          0 |
|               i_synth                                                                  |                          bd_0_hls_inst_0_floating_point_v7_1_14_viv__parameterized1__2 |        100 |        100 |       0 |    0 |   121 |      0 |      0 |         11 |
|         dmul_64ns_64ns_64_5_max_dsp_1_U569                                             |                               bd_0_hls_inst_0_backprop_dmul_64ns_64ns_64_5_max_dsp_1_3 |         95 |         95 |       0 |    0 |   249 |      0 |      0 |         11 |
|           (dmul_64ns_64ns_64_5_max_dsp_1_U569)                                         |                               bd_0_hls_inst_0_backprop_dmul_64ns_64ns_64_5_max_dsp_1_3 |          0 |          0 |       0 |    0 |   128 |      0 |      0 |          0 |
|           backprop_dmul_64ns_64ns_64_5_max_dsp_1_ip_u                                  |                         bd_0_hls_inst_0_backprop_dmul_64ns_64ns_64_5_max_dsp_1_ip_2693 |         95 |         95 |       0 |    0 |   121 |      0 |      0 |         11 |
|             (backprop_dmul_64ns_64ns_64_5_max_dsp_1_ip_u)                              |                         bd_0_hls_inst_0_backprop_dmul_64ns_64ns_64_5_max_dsp_1_ip_2693 |          0 |          0 |       0 |    0 |     0 |      0 |      0 |          0 |
|             inst                                                                       |                              bd_0_hls_inst_0_floating_point_v7_1_14__parameterized0__5 |         95 |         95 |       0 |    0 |   121 |      0 |      0 |         11 |
|               (inst)                                                                   |                              bd_0_hls_inst_0_floating_point_v7_1_14__parameterized0__5 |          0 |          0 |       0 |    0 |     0 |      0 |      0 |          0 |
|               i_synth                                                                  |                          bd_0_hls_inst_0_floating_point_v7_1_14_viv__parameterized1__5 |         95 |         95 |       0 |    0 |   121 |      0 |      0 |         11 |
|         dmul_64ns_64ns_64_5_max_dsp_1_U572                                             |                               bd_0_hls_inst_0_backprop_dmul_64ns_64ns_64_5_max_dsp_1_4 |         96 |         96 |       0 |    0 |   249 |      0 |      0 |         11 |
|           (dmul_64ns_64ns_64_5_max_dsp_1_U572)                                         |                               bd_0_hls_inst_0_backprop_dmul_64ns_64ns_64_5_max_dsp_1_4 |          0 |          0 |       0 |    0 |   128 |      0 |      0 |          0 |
|           backprop_dmul_64ns_64ns_64_5_max_dsp_1_ip_u                                  |                         bd_0_hls_inst_0_backprop_dmul_64ns_64ns_64_5_max_dsp_1_ip_2646 |         96 |         96 |       0 |    0 |   121 |      0 |      0 |         11 |
|             (backprop_dmul_64ns_64ns_64_5_max_dsp_1_ip_u)                              |                         bd_0_hls_inst_0_backprop_dmul_64ns_64ns_64_5_max_dsp_1_ip_2646 |          0 |          0 |       0 |    0 |     0 |      0 |      0 |          0 |
|             inst                                                                       |                              bd_0_hls_inst_0_floating_point_v7_1_14__parameterized0__4 |         96 |         96 |       0 |    0 |   121 |      0 |      0 |         11 |
|               (inst)                                                                   |                              bd_0_hls_inst_0_floating_point_v7_1_14__parameterized0__4 |          0 |          0 |       0 |    0 |     0 |      0 |      0 |          0 |
|               i_synth                                                                  |                          bd_0_hls_inst_0_floating_point_v7_1_14_viv__parameterized1__4 |         96 |         96 |       0 |    0 |   121 |      0 |      0 |         11 |
|         dmul_64ns_64ns_64_5_max_dsp_1_U573                                             |                               bd_0_hls_inst_0_backprop_dmul_64ns_64ns_64_5_max_dsp_1_5 |         96 |         96 |       0 |    0 |   249 |      0 |      0 |         11 |
|           (dmul_64ns_64ns_64_5_max_dsp_1_U573)                                         |                               bd_0_hls_inst_0_backprop_dmul_64ns_64ns_64_5_max_dsp_1_5 |          0 |          0 |       0 |    0 |   128 |      0 |      0 |          0 |
|           backprop_dmul_64ns_64ns_64_5_max_dsp_1_ip_u                                  |                         bd_0_hls_inst_0_backprop_dmul_64ns_64ns_64_5_max_dsp_1_ip_2599 |         96 |         96 |       0 |    0 |   121 |      0 |      0 |         11 |
|             (backprop_dmul_64ns_64ns_64_5_max_dsp_1_ip_u)                              |                         bd_0_hls_inst_0_backprop_dmul_64ns_64ns_64_5_max_dsp_1_ip_2599 |          0 |          0 |       0 |    0 |     0 |      0 |      0 |          0 |
|             inst                                                                       |                              bd_0_hls_inst_0_floating_point_v7_1_14__parameterized0__3 |         96 |         96 |       0 |    0 |   121 |      0 |      0 |         11 |
|               (inst)                                                                   |                              bd_0_hls_inst_0_floating_point_v7_1_14__parameterized0__3 |          0 |          0 |       0 |    0 |     0 |      0 |      0 |          0 |
|               i_synth                                                                  |                          bd_0_hls_inst_0_floating_point_v7_1_14_viv__parameterized1__3 |         96 |         96 |       0 |    0 |   121 |      0 |      0 |         11 |
|         dmul_64ns_64ns_64_5_max_dsp_1_U574                                             |                               bd_0_hls_inst_0_backprop_dmul_64ns_64ns_64_5_max_dsp_1_6 |         96 |         96 |       0 |    0 |   249 |      0 |      0 |         11 |
|           (dmul_64ns_64ns_64_5_max_dsp_1_U574)                                         |                               bd_0_hls_inst_0_backprop_dmul_64ns_64ns_64_5_max_dsp_1_6 |          0 |          0 |       0 |    0 |   128 |      0 |      0 |          0 |
|           backprop_dmul_64ns_64ns_64_5_max_dsp_1_ip_u                                  |                         bd_0_hls_inst_0_backprop_dmul_64ns_64ns_64_5_max_dsp_1_ip_2552 |         96 |         96 |       0 |    0 |   121 |      0 |      0 |         11 |
|             (backprop_dmul_64ns_64ns_64_5_max_dsp_1_ip_u)                              |                         bd_0_hls_inst_0_backprop_dmul_64ns_64ns_64_5_max_dsp_1_ip_2552 |          0 |          0 |       0 |    0 |     0 |      0 |      0 |          0 |
|             inst                                                                       |                                 bd_0_hls_inst_0_floating_point_v7_1_14__parameterized0 |         96 |         96 |       0 |    0 |   121 |      0 |      0 |         11 |
|               (inst)                                                                   |                                 bd_0_hls_inst_0_floating_point_v7_1_14__parameterized0 |          0 |          0 |       0 |    0 |     0 |      0 |      0 |          0 |
|               i_synth                                                                  |                             bd_0_hls_inst_0_floating_point_v7_1_14_viv__parameterized1 |         96 |         96 |       0 |    0 |   121 |      0 |      0 |         11 |
|         grp_backprop_Pipeline_VITIS_LOOP_101_1_fu_2910                                 |                            bd_0_hls_inst_0_backprop_backprop_Pipeline_VITIS_LOOP_101_1 |        559 |        482 |       0 |   77 |   829 |      0 |      0 |          0 |
|           (grp_backprop_Pipeline_VITIS_LOOP_101_1_fu_2910)                             |                            bd_0_hls_inst_0_backprop_backprop_Pipeline_VITIS_LOOP_101_1 |        520 |        443 |       0 |   77 |   827 |      0 |      0 |          0 |
|           flow_control_loop_pipe_sequential_init_U                                     |                   bd_0_hls_inst_0_backprop_flow_control_loop_pipe_sequential_init_2551 |         39 |         39 |       0 |    0 |     2 |      0 |      0 |          0 |
|         grp_backprop_Pipeline_VITIS_LOOP_114_1_fu_2921                                 |                            bd_0_hls_inst_0_backprop_backprop_Pipeline_VITIS_LOOP_114_1 |       2449 |       2449 |       0 |    0 |   248 |      0 |      0 |          0 |
|           (grp_backprop_Pipeline_VITIS_LOOP_114_1_fu_2921)                             |                            bd_0_hls_inst_0_backprop_backprop_Pipeline_VITIS_LOOP_114_1 |       2417 |       2417 |       0 |    0 |   246 |      0 |      0 |          0 |
|           flow_control_loop_pipe_sequential_init_U                                     |                   bd_0_hls_inst_0_backprop_flow_control_loop_pipe_sequential_init_2550 |         32 |         32 |       0 |    0 |     2 |      0 |      0 |          0 |
|         grp_backprop_Pipeline_VITIS_LOOP_11_2_fu_2868                                  |                             bd_0_hls_inst_0_backprop_backprop_Pipeline_VITIS_LOOP_11_2 |         74 |         66 |       0 |    8 |   362 |      0 |      0 |          0 |
|           (grp_backprop_Pipeline_VITIS_LOOP_11_2_fu_2868)                              |                             bd_0_hls_inst_0_backprop_backprop_Pipeline_VITIS_LOOP_11_2 |         61 |         53 |       0 |    8 |   360 |      0 |      0 |          0 |
|           flow_control_loop_pipe_sequential_init_U                                     |                   bd_0_hls_inst_0_backprop_flow_control_loop_pipe_sequential_init_2549 |         13 |         13 |       0 |    0 |     2 |      0 |      0 |          0 |
|         grp_backprop_Pipeline_VITIS_LOOP_126_1_fu_2993                                 |                            bd_0_hls_inst_0_backprop_backprop_Pipeline_VITIS_LOOP_126_1 |       7902 |       5207 |       0 | 2695 |  9234 |      0 |      0 |          0 |
|           (grp_backprop_Pipeline_VITIS_LOOP_126_1_fu_2993)                             |                            bd_0_hls_inst_0_backprop_backprop_Pipeline_VITIS_LOOP_126_1 |       7880 |       5185 |       0 | 2695 |  9232 |      0 |      0 |          0 |
|           flow_control_loop_pipe_sequential_init_U                                     |                   bd_0_hls_inst_0_backprop_flow_control_loop_pipe_sequential_init_2548 |         22 |         22 |       0 |    0 |     2 |      0 |      0 |          0 |
|         grp_backprop_Pipeline_VITIS_LOOP_139_1_fu_3067                                 |                            bd_0_hls_inst_0_backprop_backprop_Pipeline_VITIS_LOOP_139_1 |       2280 |       2280 |       0 |    0 |   305 |      0 |      0 |          0 |
|           (grp_backprop_Pipeline_VITIS_LOOP_139_1_fu_3067)                             |                            bd_0_hls_inst_0_backprop_backprop_Pipeline_VITIS_LOOP_139_1 |       2263 |       2263 |       0 |    0 |   303 |      0 |      0 |          0 |
|           flow_control_loop_pipe_sequential_init_U                                     |                   bd_0_hls_inst_0_backprop_flow_control_loop_pipe_sequential_init_2547 |         17 |         17 |       0 |    0 |     2 |      0 |      0 |          0 |
|         grp_backprop_Pipeline_VITIS_LOOP_18_12_fu_2748                                 |                            bd_0_hls_inst_0_backprop_backprop_Pipeline_VITIS_LOOP_18_12 |        342 |        262 |       0 |   80 |   265 |      0 |      0 |          0 |
|           (grp_backprop_Pipeline_VITIS_LOOP_18_12_fu_2748)                             |                            bd_0_hls_inst_0_backprop_backprop_Pipeline_VITIS_LOOP_18_12 |        317 |        237 |       0 |   80 |   263 |      0 |      0 |          0 |
|           flow_control_loop_pipe_sequential_init_U                                     |                   bd_0_hls_inst_0_backprop_flow_control_loop_pipe_sequential_init_2546 |         25 |         25 |       0 |    0 |     2 |      0 |      0 |          0 |
|         grp_backprop_Pipeline_VITIS_LOOP_18_14_fu_2844                                 |                            bd_0_hls_inst_0_backprop_backprop_Pipeline_VITIS_LOOP_18_14 |        833 |        833 |       0 |    0 |   694 |      0 |      0 |          0 |
|           (grp_backprop_Pipeline_VITIS_LOOP_18_14_fu_2844)                             |                            bd_0_hls_inst_0_backprop_backprop_Pipeline_VITIS_LOOP_18_14 |        430 |        430 |       0 |    0 |   689 |      0 |      0 |          0 |
|           flow_control_loop_pipe_sequential_init_U                                     |                   bd_0_hls_inst_0_backprop_flow_control_loop_pipe_sequential_init_2545 |        403 |        403 |       0 |    0 |     5 |      0 |      0 |          0 |
|         grp_backprop_Pipeline_VITIS_LOOP_18_1_fu_2662                                  |                             bd_0_hls_inst_0_backprop_backprop_Pipeline_VITIS_LOOP_18_1 |        204 |        124 |       0 |   80 |   249 |      0 |      0 |          0 |
|           (grp_backprop_Pipeline_VITIS_LOOP_18_1_fu_2662)                              |                             bd_0_hls_inst_0_backprop_backprop_Pipeline_VITIS_LOOP_18_1 |        182 |        102 |       0 |   80 |   247 |      0 |      0 |          0 |
|           flow_control_loop_pipe_sequential_init_U                                     |                   bd_0_hls_inst_0_backprop_flow_control_loop_pipe_sequential_init_2544 |         22 |         22 |       0 |    0 |     2 |      0 |      0 |          0 |
|         grp_backprop_Pipeline_VITIS_LOOP_265_2_fu_2623                                 |                            bd_0_hls_inst_0_backprop_backprop_Pipeline_VITIS_LOOP_265_2 |         27 |         27 |       0 |    0 |   202 |      0 |      0 |          0 |
|           (grp_backprop_Pipeline_VITIS_LOOP_265_2_fu_2623)                             |                            bd_0_hls_inst_0_backprop_backprop_Pipeline_VITIS_LOOP_265_2 |         15 |         15 |       0 |    0 |   200 |      0 |      0 |          0 |
|           flow_control_loop_pipe_sequential_init_U                                     |                   bd_0_hls_inst_0_backprop_flow_control_loop_pipe_sequential_init_2543 |         12 |         12 |       0 |    0 |     2 |      0 |      0 |          0 |
|         grp_backprop_Pipeline_VITIS_LOOP_28_11_fu_2741                                 |                            bd_0_hls_inst_0_backprop_backprop_Pipeline_VITIS_LOOP_28_11 |        171 |        163 |       0 |    8 |   153 |      0 |      0 |          0 |
|           (grp_backprop_Pipeline_VITIS_LOOP_28_11_fu_2741)                             |                            bd_0_hls_inst_0_backprop_backprop_Pipeline_VITIS_LOOP_28_11 |        152 |        144 |       0 |    8 |   151 |      0 |      0 |          0 |
|           flow_control_loop_pipe_sequential_init_U                                     |                   bd_0_hls_inst_0_backprop_flow_control_loop_pipe_sequential_init_2542 |         19 |         19 |       0 |    0 |     2 |      0 |      0 |          0 |
|         grp_backprop_Pipeline_VITIS_LOOP_28_13_fu_2832                                 |                            bd_0_hls_inst_0_backprop_backprop_Pipeline_VITIS_LOOP_28_13 |         92 |         92 |       0 |    0 |   209 |      0 |      0 |          0 |
|           (grp_backprop_Pipeline_VITIS_LOOP_28_13_fu_2832)                             |                            bd_0_hls_inst_0_backprop_backprop_Pipeline_VITIS_LOOP_28_13 |         72 |         72 |       0 |    0 |   204 |      0 |      0 |          0 |
|           flow_control_loop_pipe_sequential_init_U                                     |                   bd_0_hls_inst_0_backprop_flow_control_loop_pipe_sequential_init_2541 |         20 |         20 |       0 |    0 |     5 |      0 |      0 |          0 |
|         grp_backprop_Pipeline_VITIS_LOOP_28_1_fu_2655                                  |                             bd_0_hls_inst_0_backprop_backprop_Pipeline_VITIS_LOOP_28_1 |        290 |        282 |       0 |    8 |   217 |      0 |      0 |          0 |
|           (grp_backprop_Pipeline_VITIS_LOOP_28_1_fu_2655)                              |                             bd_0_hls_inst_0_backprop_backprop_Pipeline_VITIS_LOOP_28_1 |        268 |        260 |       0 |    8 |   215 |      0 |      0 |          0 |
|           flow_control_loop_pipe_sequential_init_U                                     |                   bd_0_hls_inst_0_backprop_flow_control_loop_pipe_sequential_init_2540 |         22 |         22 |       0 |    0 |     2 |      0 |      0 |          0 |
|         grp_backprop_Pipeline_VITIS_LOOP_38_1_fu_2635                                  |                             bd_0_hls_inst_0_backprop_backprop_Pipeline_VITIS_LOOP_38_1 |       2017 |       1498 |       0 |  519 |  2621 |      0 |      0 |          0 |
|           (grp_backprop_Pipeline_VITIS_LOOP_38_1_fu_2635)                              |                             bd_0_hls_inst_0_backprop_backprop_Pipeline_VITIS_LOOP_38_1 |       1945 |       1426 |       0 |  519 |  2619 |      0 |      0 |          0 |
|           flow_control_loop_pipe_sequential_init_U                                     |                   bd_0_hls_inst_0_backprop_flow_control_loop_pipe_sequential_init_2539 |         27 |         27 |       0 |    0 |     2 |      0 |      0 |          0 |
|           mul_6ns_5ns_10_1_1_U13                                                       |                                            bd_0_hls_inst_0_backprop_mul_6ns_5ns_10_1_1 |         46 |         46 |       0 |    0 |     0 |      0 |      0 |          0 |
|         grp_backprop_Pipeline_VITIS_LOOP_52_1_fu_2668                                  |                             bd_0_hls_inst_0_backprop_backprop_Pipeline_VITIS_LOOP_52_1 |       7874 |       5179 |       0 | 2695 |  9165 |      0 |      0 |          0 |
|           (grp_backprop_Pipeline_VITIS_LOOP_52_1_fu_2668)                              |                             bd_0_hls_inst_0_backprop_backprop_Pipeline_VITIS_LOOP_52_1 |       7846 |       5151 |       0 | 2695 |  9163 |      0 |      0 |          0 |
|           flow_control_loop_pipe_sequential_init_U                                     |                   bd_0_hls_inst_0_backprop_flow_control_loop_pipe_sequential_init_2538 |         28 |         28 |       0 |    0 |     2 |      0 |      0 |          0 |
|         grp_backprop_Pipeline_VITIS_LOOP_66_1_fu_2754                                  |                             bd_0_hls_inst_0_backprop_backprop_Pipeline_VITIS_LOOP_66_1 |       8281 |       5590 |       0 | 2691 |  9343 |      0 |      0 |          0 |
|           (grp_backprop_Pipeline_VITIS_LOOP_66_1_fu_2754)                              |                             bd_0_hls_inst_0_backprop_backprop_Pipeline_VITIS_LOOP_66_1 |       8071 |       5380 |       0 | 2691 |  9340 |      0 |      0 |          0 |
|           flow_control_loop_pipe_sequential_init_U                                     |                   bd_0_hls_inst_0_backprop_flow_control_loop_pipe_sequential_init_2537 |        210 |        210 |       0 |    0 |     3 |      0 |      0 |          0 |
|         grp_backprop_Pipeline_VITIS_LOOP_80_1_fu_2882                                  |                             bd_0_hls_inst_0_backprop_backprop_Pipeline_VITIS_LOOP_80_1 |        484 |        478 |       0 |    6 |   400 |      0 |      0 |          0 |
|           (grp_backprop_Pipeline_VITIS_LOOP_80_1_fu_2882)                              |                             bd_0_hls_inst_0_backprop_backprop_Pipeline_VITIS_LOOP_80_1 |        291 |        285 |       0 |    6 |   398 |      0 |      0 |          0 |
|           flow_control_loop_pipe_sequential_init_U                                     |                   bd_0_hls_inst_0_backprop_flow_control_loop_pipe_sequential_init_2535 |        117 |        117 |       0 |    0 |     2 |      0 |      0 |          0 |
|           mux_32_64_1_1_U244                                                           |                                                 bd_0_hls_inst_0_backprop_mux_32_64_1_1 |         12 |         12 |       0 |    0 |     0 |      0 |      0 |          0 |
|           mux_32_64_1_1_U245                                                           |                                            bd_0_hls_inst_0_backprop_mux_32_64_1_1_2536 |         64 |         64 |       0 |    0 |     0 |      0 |      0 |          0 |
|         grp_backprop_Pipeline_VITIS_LOOP_89_1_fu_2901                                  |                             bd_0_hls_inst_0_backprop_backprop_Pipeline_VITIS_LOOP_89_1 |        133 |        126 |       0 |    7 |   235 |      0 |      0 |          0 |
|           (grp_backprop_Pipeline_VITIS_LOOP_89_1_fu_2901)                              |                             bd_0_hls_inst_0_backprop_backprop_Pipeline_VITIS_LOOP_89_1 |        117 |        110 |       0 |    7 |   233 |      0 |      0 |          0 |
|           flow_control_loop_pipe_sequential_init_U                                     |                   bd_0_hls_inst_0_backprop_flow_control_loop_pipe_sequential_init_2534 |         16 |         16 |       0 |    0 |     2 |      0 |      0 |          0 |
|         grp_backprop_Pipeline_VITIS_LOOP_8_1_fu_2860                                   |                              bd_0_hls_inst_0_backprop_backprop_Pipeline_VITIS_LOOP_8_1 |        201 |        200 |       0 |    1 |   209 |      0 |      0 |          0 |
|           (grp_backprop_Pipeline_VITIS_LOOP_8_1_fu_2860)                               |                              bd_0_hls_inst_0_backprop_backprop_Pipeline_VITIS_LOOP_8_1 |        194 |        193 |       0 |    1 |   207 |      0 |      0 |          0 |
|           flow_control_loop_pipe_sequential_init_U                                     |                   bd_0_hls_inst_0_backprop_flow_control_loop_pipe_sequential_init_2533 |          7 |          7 |       0 |    0 |     2 |      0 |      0 |          0 |
|         grp_update_weights_1_fu_3141                                                   |                                              bd_0_hls_inst_0_backprop_update_weights_1 |      31757 |      31065 |       0 |  692 | 24377 |      0 |      0 |         23 |
|           (grp_update_weights_1_fu_3141)                                               |                                              bd_0_hls_inst_0_backprop_update_weights_1 |         27 |         27 |       0 |    0 |   420 |      0 |      0 |          0 |
|           dsqrt_64ns_64ns_64_21_no_dsp_1_U537                                          |                                bd_0_hls_inst_0_backprop_dsqrt_64ns_64ns_64_21_no_dsp_1 |       1707 |       1657 |       0 |   50 |  1290 |      0 |      0 |          0 |
|             (dsqrt_64ns_64ns_64_21_no_dsp_1_U537)                                      |                                bd_0_hls_inst_0_backprop_dsqrt_64ns_64ns_64_21_no_dsp_1 |          0 |          0 |       0 |    0 |    64 |      0 |      0 |          0 |
|             backprop_dsqrt_64ns_64ns_64_21_no_dsp_1_ip_u                               |                        bd_0_hls_inst_0_backprop_dsqrt_64ns_64ns_64_21_no_dsp_1_ip_2318 |       1707 |       1657 |       0 |   50 |  1226 |      0 |      0 |          0 |
|               (backprop_dsqrt_64ns_64ns_64_21_no_dsp_1_ip_u)                           |                        bd_0_hls_inst_0_backprop_dsqrt_64ns_64ns_64_21_no_dsp_1_ip_2318 |          0 |          0 |       0 |    0 |     0 |      0 |      0 |          0 |
|               inst                                                                     |                              bd_0_hls_inst_0_floating_point_v7_1_14__parameterized2__1 |       1707 |       1657 |       0 |   50 |  1226 |      0 |      0 |          0 |
|           dsqrt_64ns_64ns_64_21_no_dsp_1_U538                                          |                              bd_0_hls_inst_0_backprop_dsqrt_64ns_64ns_64_21_no_dsp_1_9 |       1707 |       1657 |       0 |   50 |  1290 |      0 |      0 |          0 |
|             (dsqrt_64ns_64ns_64_21_no_dsp_1_U538)                                      |                              bd_0_hls_inst_0_backprop_dsqrt_64ns_64ns_64_21_no_dsp_1_9 |          0 |          0 |       0 |    0 |    64 |      0 |      0 |          0 |
|             backprop_dsqrt_64ns_64ns_64_21_no_dsp_1_ip_u                               |                        bd_0_hls_inst_0_backprop_dsqrt_64ns_64ns_64_21_no_dsp_1_ip_2103 |       1707 |       1657 |       0 |   50 |  1226 |      0 |      0 |          0 |
|               (backprop_dsqrt_64ns_64ns_64_21_no_dsp_1_ip_u)                           |                        bd_0_hls_inst_0_backprop_dsqrt_64ns_64ns_64_21_no_dsp_1_ip_2103 |          0 |          0 |       0 |    0 |     0 |      0 |      0 |          0 |
|               inst                                                                     |                              bd_0_hls_inst_0_floating_point_v7_1_14__parameterized2__2 |       1707 |       1657 |       0 |   50 |  1226 |      0 |      0 |          0 |
|           dsqrt_64ns_64ns_64_21_no_dsp_1_U539                                          |                             bd_0_hls_inst_0_backprop_dsqrt_64ns_64ns_64_21_no_dsp_1_10 |       1707 |       1657 |       0 |   50 |  1290 |      0 |      0 |          0 |
|             (dsqrt_64ns_64ns_64_21_no_dsp_1_U539)                                      |                             bd_0_hls_inst_0_backprop_dsqrt_64ns_64ns_64_21_no_dsp_1_10 |          0 |          0 |       0 |    0 |    64 |      0 |      0 |          0 |
|             backprop_dsqrt_64ns_64ns_64_21_no_dsp_1_ip_u                               |                        bd_0_hls_inst_0_backprop_dsqrt_64ns_64ns_64_21_no_dsp_1_ip_1888 |       1707 |       1657 |       0 |   50 |  1226 |      0 |      0 |          0 |
|               (backprop_dsqrt_64ns_64ns_64_21_no_dsp_1_ip_u)                           |                        bd_0_hls_inst_0_backprop_dsqrt_64ns_64ns_64_21_no_dsp_1_ip_1888 |          0 |          0 |       0 |    0 |     0 |      0 |      0 |          0 |
|               inst                                                                     |                              bd_0_hls_inst_0_floating_point_v7_1_14__parameterized2__3 |       1707 |       1657 |       0 |   50 |  1226 |      0 |      0 |          0 |
|           dsqrt_64ns_64ns_64_21_no_dsp_1_U540                                          |                             bd_0_hls_inst_0_backprop_dsqrt_64ns_64ns_64_21_no_dsp_1_11 |       1707 |       1657 |       0 |   50 |  1290 |      0 |      0 |          0 |
|             (dsqrt_64ns_64ns_64_21_no_dsp_1_U540)                                      |                             bd_0_hls_inst_0_backprop_dsqrt_64ns_64ns_64_21_no_dsp_1_11 |          0 |          0 |       0 |    0 |    64 |      0 |      0 |          0 |
|             backprop_dsqrt_64ns_64ns_64_21_no_dsp_1_ip_u                               |                        bd_0_hls_inst_0_backprop_dsqrt_64ns_64ns_64_21_no_dsp_1_ip_1673 |       1707 |       1657 |       0 |   50 |  1226 |      0 |      0 |          0 |
|               (backprop_dsqrt_64ns_64ns_64_21_no_dsp_1_ip_u)                           |                        bd_0_hls_inst_0_backprop_dsqrt_64ns_64ns_64_21_no_dsp_1_ip_1673 |          0 |          0 |       0 |    0 |     0 |      0 |      0 |          0 |
|               inst                                                                     |                              bd_0_hls_inst_0_floating_point_v7_1_14__parameterized2__4 |       1707 |       1657 |       0 |   50 |  1226 |      0 |      0 |          0 |
|           dsqrt_64ns_64ns_64_21_no_dsp_1_U541                                          |                             bd_0_hls_inst_0_backprop_dsqrt_64ns_64ns_64_21_no_dsp_1_12 |       1707 |       1657 |       0 |   50 |  1290 |      0 |      0 |          0 |
|             (dsqrt_64ns_64ns_64_21_no_dsp_1_U541)                                      |                             bd_0_hls_inst_0_backprop_dsqrt_64ns_64ns_64_21_no_dsp_1_12 |          0 |          0 |       0 |    0 |    64 |      0 |      0 |          0 |
|             backprop_dsqrt_64ns_64ns_64_21_no_dsp_1_ip_u                               |                        bd_0_hls_inst_0_backprop_dsqrt_64ns_64ns_64_21_no_dsp_1_ip_1458 |       1707 |       1657 |       0 |   50 |  1226 |      0 |      0 |          0 |
|               (backprop_dsqrt_64ns_64ns_64_21_no_dsp_1_ip_u)                           |                        bd_0_hls_inst_0_backprop_dsqrt_64ns_64ns_64_21_no_dsp_1_ip_1458 |          0 |          0 |       0 |    0 |     0 |      0 |      0 |          0 |
|               inst                                                                     |                              bd_0_hls_inst_0_floating_point_v7_1_14__parameterized2__5 |       1707 |       1657 |       0 |   50 |  1226 |      0 |      0 |          0 |
|           dsqrt_64ns_64ns_64_21_no_dsp_1_U542                                          |                             bd_0_hls_inst_0_backprop_dsqrt_64ns_64ns_64_21_no_dsp_1_13 |       1707 |       1657 |       0 |   50 |  1290 |      0 |      0 |          0 |
|             (dsqrt_64ns_64ns_64_21_no_dsp_1_U542)                                      |                             bd_0_hls_inst_0_backprop_dsqrt_64ns_64ns_64_21_no_dsp_1_13 |          0 |          0 |       0 |    0 |    64 |      0 |      0 |          0 |
|             backprop_dsqrt_64ns_64ns_64_21_no_dsp_1_ip_u                               |                             bd_0_hls_inst_0_backprop_dsqrt_64ns_64ns_64_21_no_dsp_1_ip |       1707 |       1657 |       0 |   50 |  1226 |      0 |      0 |          0 |
|               (backprop_dsqrt_64ns_64ns_64_21_no_dsp_1_ip_u)                           |                             bd_0_hls_inst_0_backprop_dsqrt_64ns_64ns_64_21_no_dsp_1_ip |          0 |          0 |       0 |    0 |     0 |      0 |      0 |          0 |
|               inst                                                                     |                                 bd_0_hls_inst_0_floating_point_v7_1_14__parameterized2 |       1707 |       1657 |       0 |   50 |  1226 |      0 |      0 |          0 |
|           grp_update_weights_1_Pipeline_VITIS_LOOP_163_1_VITIS_LOOP_164_2_fu_110       |   bd_0_hls_inst_0_backprop_update_weights_1_Pipeline_VITIS_LOOP_163_1_VITIS_LOOP_164_2 |        321 |        320 |       0 |    1 |   389 |      0 |      0 |          0 |
|             (grp_update_weights_1_Pipeline_VITIS_LOOP_163_1_VITIS_LOOP_164_2_fu_110)   |   bd_0_hls_inst_0_backprop_update_weights_1_Pipeline_VITIS_LOOP_163_1_VITIS_LOOP_164_2 |        291 |        290 |       0 |    1 |   387 |      0 |      0 |          0 |
|             flow_control_loop_pipe_sequential_init_U                                   |                   bd_0_hls_inst_0_backprop_flow_control_loop_pipe_sequential_init_1445 |         30 |         30 |       0 |    0 |     2 |      0 |      0 |          0 |
|           grp_update_weights_1_Pipeline_VITIS_LOOP_169_3_fu_119                        |                    bd_0_hls_inst_0_backprop_update_weights_1_Pipeline_VITIS_LOOP_169_3 |        361 |        360 |       0 |    1 |   427 |      0 |      0 |          0 |
|             (grp_update_weights_1_Pipeline_VITIS_LOOP_169_3_fu_119)                    |                    bd_0_hls_inst_0_backprop_update_weights_1_Pipeline_VITIS_LOOP_169_3 |        344 |        343 |       0 |    1 |   425 |      0 |      0 |          0 |
|             flow_control_loop_pipe_sequential_init_U                                   |                   bd_0_hls_inst_0_backprop_flow_control_loop_pipe_sequential_init_1444 |         17 |         17 |       0 |    0 |     2 |      0 |      0 |          0 |
|           grp_update_weights_1_Pipeline_VITIS_LOOP_177_4_VITIS_LOOP_178_5_fu_168       |   bd_0_hls_inst_0_backprop_update_weights_1_Pipeline_VITIS_LOOP_177_4_VITIS_LOOP_178_5 |        226 |        214 |       0 |   12 |   175 |      0 |      0 |          0 |
|             (grp_update_weights_1_Pipeline_VITIS_LOOP_177_4_VITIS_LOOP_178_5_fu_168)   |   bd_0_hls_inst_0_backprop_update_weights_1_Pipeline_VITIS_LOOP_177_4_VITIS_LOOP_178_5 |        178 |        166 |       0 |   12 |   173 |      0 |      0 |          0 |
|             flow_control_loop_pipe_sequential_init_U                                   |                   bd_0_hls_inst_0_backprop_flow_control_loop_pipe_sequential_init_1443 |         48 |         48 |       0 |    0 |     2 |      0 |      0 |          0 |
|           grp_update_weights_1_Pipeline_VITIS_LOOP_182_6_fu_175                        |                    bd_0_hls_inst_0_backprop_update_weights_1_Pipeline_VITIS_LOOP_182_6 |       3287 |       3213 |       0 |   74 |  2346 |      0 |      0 |          0 |
|             (grp_update_weights_1_Pipeline_VITIS_LOOP_182_6_fu_175)                    |                    bd_0_hls_inst_0_backprop_update_weights_1_Pipeline_VITIS_LOOP_182_6 |         45 |         37 |       0 |    8 |   151 |      0 |      0 |          0 |
|             ddiv_64ns_64ns_64_22_no_dsp_1_U499                                         |                            bd_0_hls_inst_0_backprop_ddiv_64ns_64ns_64_22_no_dsp_1_1219 |       3226 |       3160 |       0 |   66 |  2193 |      0 |      0 |          0 |
|               (ddiv_64ns_64ns_64_22_no_dsp_1_U499)                                     |                            bd_0_hls_inst_0_backprop_ddiv_64ns_64ns_64_22_no_dsp_1_1219 |          0 |          0 |       0 |    0 |   128 |      0 |      0 |          0 |
|               backprop_ddiv_64ns_64ns_64_22_no_dsp_1_ip_u                              |                         bd_0_hls_inst_0_backprop_ddiv_64ns_64ns_64_22_no_dsp_1_ip_1221 |       3226 |       3160 |       0 |   66 |  2065 |      0 |      0 |          0 |
|             flow_control_loop_pipe_sequential_init_U                                   |                   bd_0_hls_inst_0_backprop_flow_control_loop_pipe_sequential_init_1220 |         16 |         16 |       0 |    0 |     2 |      0 |      0 |          0 |
|           grp_update_weights_1_Pipeline_VITIS_LOOP_189_7_VITIS_LOOP_190_8_fu_128       |   bd_0_hls_inst_0_backprop_update_weights_1_Pipeline_VITIS_LOOP_189_7_VITIS_LOOP_190_8 |       1074 |       1073 |       0 |    1 |   796 |      0 |      0 |          3 |
|             (grp_update_weights_1_Pipeline_VITIS_LOOP_189_7_VITIS_LOOP_190_8_fu_128)   |   bd_0_hls_inst_0_backprop_update_weights_1_Pipeline_VITIS_LOOP_189_7_VITIS_LOOP_190_8 |        222 |        221 |       0 |    1 |   398 |      0 |      0 |          0 |
|             dadddsub_64ns_64ns_64_5_full_dsp_1_U502                                    |                       bd_0_hls_inst_0_backprop_dadddsub_64ns_64ns_64_5_full_dsp_1_1123 |        801 |        801 |       0 |    0 |   396 |      0 |      0 |          3 |
|               (dadddsub_64ns_64ns_64_5_full_dsp_1_U502)                                |                       bd_0_hls_inst_0_backprop_dadddsub_64ns_64ns_64_5_full_dsp_1_1123 |         65 |         65 |       0 |    0 |   129 |      0 |      0 |          0 |
|               backprop_dadddsub_64ns_64ns_64_5_full_dsp_1_ip_u                         |                    bd_0_hls_inst_0_backprop_dadddsub_64ns_64ns_64_5_full_dsp_1_ip_1125 |        736 |        736 |       0 |    0 |   267 |      0 |      0 |          3 |
|             flow_control_loop_pipe_sequential_init_U                                   |                   bd_0_hls_inst_0_backprop_flow_control_loop_pipe_sequential_init_1124 |         51 |         51 |       0 |    0 |     2 |      0 |      0 |          0 |
|           grp_update_weights_1_Pipeline_VITIS_LOOP_195_9_fu_137                        |                    bd_0_hls_inst_0_backprop_update_weights_1_Pipeline_VITIS_LOOP_195_9 |       1038 |       1037 |       0 |    1 |   823 |      0 |      0 |          3 |
|             (grp_update_weights_1_Pipeline_VITIS_LOOP_195_9_fu_137)                    |                    bd_0_hls_inst_0_backprop_update_weights_1_Pipeline_VITIS_LOOP_195_9 |        215 |        214 |       0 |    1 |   425 |      0 |      0 |          0 |
|             dadddsub_64ns_64ns_64_5_full_dsp_1_U507                                    |                       bd_0_hls_inst_0_backprop_dadddsub_64ns_64ns_64_5_full_dsp_1_1027 |        801 |        801 |       0 |    0 |   396 |      0 |      0 |          3 |
|               (dadddsub_64ns_64ns_64_5_full_dsp_1_U507)                                |                       bd_0_hls_inst_0_backprop_dadddsub_64ns_64ns_64_5_full_dsp_1_1027 |         65 |         65 |       0 |    0 |   129 |      0 |      0 |          0 |
|               backprop_dadddsub_64ns_64ns_64_5_full_dsp_1_ip_u                         |                    bd_0_hls_inst_0_backprop_dadddsub_64ns_64ns_64_5_full_dsp_1_ip_1029 |        736 |        736 |       0 |    0 |   267 |      0 |      0 |          3 |
|             flow_control_loop_pipe_sequential_init_U                                   |                   bd_0_hls_inst_0_backprop_flow_control_loop_pipe_sequential_init_1028 |         22 |         22 |       0 |    0 |     2 |      0 |      0 |          0 |
|           grp_update_weights_1_Pipeline_VITIS_LOOP_203_10_VITIS_LOOP_204_11_fu_182     | bd_0_hls_inst_0_backprop_update_weights_1_Pipeline_VITIS_LOOP_203_10_VITIS_LOOP_204_11 |       3349 |       3269 |       0 |   80 |  2377 |      0 |      0 |          0 |
|             (grp_update_weights_1_Pipeline_VITIS_LOOP_203_10_VITIS_LOOP_204_11_fu_182) | bd_0_hls_inst_0_backprop_update_weights_1_Pipeline_VITIS_LOOP_203_10_VITIS_LOOP_204_11 |         75 |         61 |       0 |   14 |   182 |      0 |      0 |          0 |
|             ddiv_64ns_64ns_64_22_no_dsp_1_U512                                         |                             bd_0_hls_inst_0_backprop_ddiv_64ns_64ns_64_22_no_dsp_1_803 |       3226 |       3160 |       0 |   66 |  2193 |      0 |      0 |          0 |
|               (ddiv_64ns_64ns_64_22_no_dsp_1_U512)                                     |                             bd_0_hls_inst_0_backprop_ddiv_64ns_64ns_64_22_no_dsp_1_803 |          0 |          0 |       0 |    0 |   128 |      0 |      0 |          0 |
|               backprop_ddiv_64ns_64ns_64_22_no_dsp_1_ip_u                              |                          bd_0_hls_inst_0_backprop_ddiv_64ns_64ns_64_22_no_dsp_1_ip_805 |       3226 |       3160 |       0 |   66 |  2065 |      0 |      0 |          0 |
|             flow_control_loop_pipe_sequential_init_U                                   |                    bd_0_hls_inst_0_backprop_flow_control_loop_pipe_sequential_init_804 |         48 |         48 |       0 |    0 |     2 |      0 |      0 |          0 |
|           grp_update_weights_1_Pipeline_VITIS_LOOP_208_12_fu_189                       |                   bd_0_hls_inst_0_backprop_update_weights_1_Pipeline_VITIS_LOOP_208_12 |       3287 |       3213 |       0 |   74 |  2346 |      0 |      0 |          0 |
|             (grp_update_weights_1_Pipeline_VITIS_LOOP_208_12_fu_189)                   |                   bd_0_hls_inst_0_backprop_update_weights_1_Pipeline_VITIS_LOOP_208_12 |         45 |         37 |       0 |    8 |   151 |      0 |      0 |          0 |
|             ddiv_64ns_64ns_64_22_no_dsp_1_U515                                         |                             bd_0_hls_inst_0_backprop_ddiv_64ns_64ns_64_22_no_dsp_1_579 |       3226 |       3160 |       0 |   66 |  2193 |      0 |      0 |          0 |
|               (ddiv_64ns_64ns_64_22_no_dsp_1_U515)                                     |                             bd_0_hls_inst_0_backprop_ddiv_64ns_64ns_64_22_no_dsp_1_579 |          0 |          0 |       0 |    0 |   128 |      0 |      0 |          0 |
|               backprop_ddiv_64ns_64ns_64_22_no_dsp_1_ip_u                              |                          bd_0_hls_inst_0_backprop_ddiv_64ns_64ns_64_22_no_dsp_1_ip_581 |       3226 |       3160 |       0 |   66 |  2065 |      0 |      0 |          0 |
|             flow_control_loop_pipe_sequential_init_U                                   |                    bd_0_hls_inst_0_backprop_flow_control_loop_pipe_sequential_init_580 |         16 |         16 |       0 |    0 |     2 |      0 |      0 |          0 |
|           grp_update_weights_1_Pipeline_VITIS_LOOP_215_13_VITIS_LOOP_216_14_fu_146     | bd_0_hls_inst_0_backprop_update_weights_1_Pipeline_VITIS_LOOP_215_13_VITIS_LOOP_216_14 |       1009 |       1008 |       0 |    1 |   790 |      0 |      0 |          3 |
|             (grp_update_weights_1_Pipeline_VITIS_LOOP_215_13_VITIS_LOOP_216_14_fu_146) | bd_0_hls_inst_0_backprop_update_weights_1_Pipeline_VITIS_LOOP_215_13_VITIS_LOOP_216_14 |        169 |        168 |       0 |    1 |   392 |      0 |      0 |          0 |
|             dadddsub_64ns_64ns_64_5_full_dsp_1_U518                                    |                        bd_0_hls_inst_0_backprop_dadddsub_64ns_64ns_64_5_full_dsp_1_483 |        801 |        801 |       0 |    0 |   396 |      0 |      0 |          3 |
|               (dadddsub_64ns_64ns_64_5_full_dsp_1_U518)                                |                        bd_0_hls_inst_0_backprop_dadddsub_64ns_64ns_64_5_full_dsp_1_483 |         65 |         65 |       0 |    0 |   129 |      0 |      0 |          0 |
|               backprop_dadddsub_64ns_64ns_64_5_full_dsp_1_ip_u                         |                     bd_0_hls_inst_0_backprop_dadddsub_64ns_64ns_64_5_full_dsp_1_ip_485 |        736 |        736 |       0 |    0 |   267 |      0 |      0 |          3 |
|             flow_control_loop_pipe_sequential_init_U                                   |                    bd_0_hls_inst_0_backprop_flow_control_loop_pipe_sequential_init_484 |         39 |         39 |       0 |    0 |     2 |      0 |      0 |          0 |
|           grp_update_weights_1_Pipeline_VITIS_LOOP_221_15_fu_155                       |                   bd_0_hls_inst_0_backprop_update_weights_1_Pipeline_VITIS_LOOP_221_15 |        952 |        951 |       0 |    1 |  1055 |      0 |      0 |         14 |
|             (grp_update_weights_1_Pipeline_VITIS_LOOP_221_15_fu_155)                   |                   bd_0_hls_inst_0_backprop_update_weights_1_Pipeline_VITIS_LOOP_221_15 |         17 |         16 |       0 |    1 |   408 |      0 |      0 |          0 |
|             dadddsub_64ns_64ns_64_5_full_dsp_1_U523                                    |                        bd_0_hls_inst_0_backprop_dadddsub_64ns_64ns_64_5_full_dsp_1_421 |        770 |        770 |       0 |    0 |   396 |      0 |      0 |          3 |
|               (dadddsub_64ns_64ns_64_5_full_dsp_1_U523)                                |                        bd_0_hls_inst_0_backprop_dadddsub_64ns_64ns_64_5_full_dsp_1_421 |         34 |         34 |       0 |    0 |   129 |      0 |      0 |          0 |
|               backprop_dadddsub_64ns_64ns_64_5_full_dsp_1_ip_u                         |                         bd_0_hls_inst_0_backprop_dadddsub_64ns_64ns_64_5_full_dsp_1_ip |        736 |        736 |       0 |    0 |   267 |      0 |      0 |          3 |
|             dmul_64ns_64ns_64_5_max_dsp_1_U524                                         |                             bd_0_hls_inst_0_backprop_dmul_64ns_64ns_64_5_max_dsp_1_422 |        160 |        160 |       0 |    0 |   249 |      0 |      0 |         11 |
|               (dmul_64ns_64ns_64_5_max_dsp_1_U524)                                     |                             bd_0_hls_inst_0_backprop_dmul_64ns_64ns_64_5_max_dsp_1_422 |         65 |         65 |       0 |    0 |   128 |      0 |      0 |          0 |
|               backprop_dmul_64ns_64ns_64_5_max_dsp_1_ip_u                              |                              bd_0_hls_inst_0_backprop_dmul_64ns_64ns_64_5_max_dsp_1_ip |         95 |         95 |       0 |    0 |   121 |      0 |      0 |         11 |
|             flow_control_loop_pipe_sequential_init_U                                   |                    bd_0_hls_inst_0_backprop_flow_control_loop_pipe_sequential_init_423 |          5 |          5 |       0 |    0 |     2 |      0 |      0 |          0 |
|           grp_update_weights_1_Pipeline_VITIS_LOOP_229_16_VITIS_LOOP_230_17_fu_196     | bd_0_hls_inst_0_backprop_update_weights_1_Pipeline_VITIS_LOOP_229_16_VITIS_LOOP_230_17 |       3313 |       3237 |       0 |   76 |  2360 |      0 |      0 |          0 |
|             (grp_update_weights_1_Pipeline_VITIS_LOOP_229_16_VITIS_LOOP_230_17_fu_196) | bd_0_hls_inst_0_backprop_update_weights_1_Pipeline_VITIS_LOOP_229_16_VITIS_LOOP_230_17 |         61 |         51 |       0 |   10 |   165 |      0 |      0 |          0 |
|             ddiv_64ns_64ns_64_22_no_dsp_1_U531                                         |                             bd_0_hls_inst_0_backprop_ddiv_64ns_64ns_64_22_no_dsp_1_197 |       3226 |       3160 |       0 |   66 |  2193 |      0 |      0 |          0 |
|               (ddiv_64ns_64ns_64_22_no_dsp_1_U531)                                     |                             bd_0_hls_inst_0_backprop_ddiv_64ns_64ns_64_22_no_dsp_1_197 |          0 |          0 |       0 |    0 |   128 |      0 |      0 |          0 |
|               backprop_ddiv_64ns_64ns_64_22_no_dsp_1_ip_u                              |                          bd_0_hls_inst_0_backprop_ddiv_64ns_64ns_64_22_no_dsp_1_ip_199 |       3226 |       3160 |       0 |   66 |  2065 |      0 |      0 |          0 |
|             flow_control_loop_pipe_sequential_init_U                                   |                    bd_0_hls_inst_0_backprop_flow_control_loop_pipe_sequential_init_198 |         26 |         26 |       0 |    0 |     2 |      0 |      0 |          0 |
|           grp_update_weights_1_Pipeline_VITIS_LOOP_234_18_fu_203                       |                   bd_0_hls_inst_0_backprop_update_weights_1_Pipeline_VITIS_LOOP_234_18 |       3271 |       3201 |       0 |   70 |  2333 |      0 |      0 |          0 |
|             (grp_update_weights_1_Pipeline_VITIS_LOOP_234_18_fu_203)                   |                   bd_0_hls_inst_0_backprop_update_weights_1_Pipeline_VITIS_LOOP_234_18 |         39 |         35 |       0 |    4 |   138 |      0 |      0 |          0 |
|             ddiv_64ns_64ns_64_22_no_dsp_1_U534                                         |                              bd_0_hls_inst_0_backprop_ddiv_64ns_64ns_64_22_no_dsp_1_14 |       3226 |       3160 |       0 |   66 |  2193 |      0 |      0 |          0 |
|               (ddiv_64ns_64ns_64_22_no_dsp_1_U534)                                     |                              bd_0_hls_inst_0_backprop_ddiv_64ns_64ns_64_22_no_dsp_1_14 |          0 |          0 |       0 |    0 |   128 |      0 |      0 |          0 |
|               backprop_ddiv_64ns_64ns_64_22_no_dsp_1_ip_u                              |                              bd_0_hls_inst_0_backprop_ddiv_64ns_64ns_64_22_no_dsp_1_ip |       3226 |       3160 |       0 |   66 |  2065 |      0 |      0 |          0 |
|             flow_control_loop_pipe_sequential_init_U                                   |                        bd_0_hls_inst_0_backprop_flow_control_loop_pipe_sequential_init |          6 |          6 |       0 |    0 |     2 |      0 |      0 |          0 |
|         oracle_activations1_U                                                          |                                  bd_0_hls_inst_0_backprop_activations1_RAM_AUTO_1R1W_7 |         41 |         41 |       0 |    0 |     0 |      2 |      0 |          0 |
|         oracle_activations2_U                                                          |                                  bd_0_hls_inst_0_backprop_activations1_RAM_AUTO_1R1W_8 |         41 |         41 |       0 |    0 |     0 |      2 |      0 |          0 |
+----------------------------------------------------------------------------------------+----------------------------------------------------------------------------------------+------------+------------+---------+------+-------+--------+--------+------------+


