# ---------------------------------------------------------------------------
# Created on Wed Dec 20 22:08:08 CST 2023 with report_failfast (2021.05.07)
# ---------------------------------------------------------------------------

 +--------------------------------------------------------------------------+
 | Average Fanout                                                           |
 | Min Module Size: 100000                                                  |
 +----------------------+-----------------+-----------+---------------------+
 | Cell                 | Flat Leaf Cells | Flat Pins | Flat Average Fanout |
 +----------------------+-----------------+-----------+---------------------+
 | <TOP>                | 168427          | 713112    | 2.51                |
 | bd_0_i               | 168427          | 713112    | 2.51                |
 | bd_0_i/hls_inst      | 168427          | 713112    | 2.51                |
 | bd_0_i/hls_inst/inst | 168427          | 713112    | 2.51                |
 +----------------------+-----------------+-----------+---------------------+
