

================================================================
== Vitis HLS Report for 'backprop_Pipeline_VITIS_LOOP_139_1'
================================================================
* Date:           Wed Dec 20 21:42:53 2023

* Version:        2022.1 (Build 3526262 on Mon Apr 18 15:47:01 MDT 2022)
* Project:        backprop_syn
* Solution:       solution (Vivado IP Flow Target)
* Product family: virtex7
* Target device:  xc7v585t-ffg1761-2


================================================================
== Performance Estimates
================================================================
+ Timing: 
    * Summary: 
    +--------+----------+----------+------------+
    |  Clock |  Target  | Estimated| Uncertainty|
    +--------+----------+----------+------------+
    |ap_clk  |  10.00 ns|  7.671 ns|     2.70 ns|
    +--------+----------+----------+------------+

+ Latency: 
    * Summary: 
    +---------+---------+----------+----------+-----+-----+---------+
    |  Latency (cycles) |  Latency (absolute) |  Interval | Pipeline|
    |   min   |   max   |    min   |    max   | min | max |   Type  |
    +---------+---------+----------+----------+-----+-----+---------+
    |      424|      424|  4.240 us|  4.240 us|  424|  424|       no|
    +---------+---------+----------+----------+-----+-----+---------+

    + Detail: 
        * Instance: 
        N/A

        * Loop: 
        +--------------------+---------+---------+----------+-----------+-----------+------+----------+
        |                    |  Latency (cycles) | Iteration|  Initiation Interval  | Trip |          |
        |      Loop Name     |   min   |   max   |  Latency |  achieved |   target  | Count| Pipelined|
        +--------------------+---------+---------+----------+-----------+-----------+------+----------+
        |- VITIS_LOOP_139_1  |      422|      422|        39|         32|          1|    13|       yes|
        +--------------------+---------+---------+----------+-----------+-----------+------+----------+



================================================================
== Utilization Estimates
================================================================
* Summary: 
+-----------------+---------+------+--------+--------+-----+
|       Name      | BRAM_18K|  DSP |   FF   |   LUT  | URAM|
+-----------------+---------+------+--------+--------+-----+
|DSP              |        -|     -|       -|       -|    -|
|Expression       |        -|     -|       0|     673|    -|
|FIFO             |        -|     -|       -|       -|    -|
|Instance         |        -|     -|       -|       -|    -|
|Memory           |        -|     -|       -|       -|    -|
|Multiplexer      |        -|     -|       -|     860|    -|
|Register         |        -|     -|     304|       -|    -|
+-----------------+---------+------+--------+--------+-----+
|Total            |        0|     0|     304|    1533|    0|
+-----------------+---------+------+--------+--------+-----+
|Available        |     1590|  1260|  728400|  364200|    0|
+-----------------+---------+------+--------+--------+-----+
|Utilization (%)  |        0|     0|      ~0|      ~0|    0|
+-----------------+---------+------+--------+--------+-----+

+ Detail: 
    * Instance: 
    N/A

    * DSP: 
    N/A

    * Memory: 
    N/A

    * FIFO: 
    N/A

    * Expression: 
    +------------------------------+----------+----+---+----+------------+------------+
    |         Variable Name        | Operation| DSP| FF| LUT| Bitwidth P0| Bitwidth P1|
    +------------------------------+----------+----+---+----+------------+------------+
    |add_ln139_fu_1260_p2          |         +|   0|  0|  13|           4|           1|
    |arrayidx10_sum231_fu_1270_p2  |         +|   0|  0|  19|          12|          12|
    |icmp_ln139_fu_1254_p2         |      icmp|   0|  0|   9|           4|           3|
    |or_ln141_10_fu_1404_p2        |        or|   0|  0|  10|          10|           4|
    |or_ln141_11_fu_1414_p2        |        or|   0|  0|  10|          10|           4|
    |or_ln141_12_fu_1424_p2        |        or|   0|  0|  10|          10|           4|
    |or_ln141_13_fu_1434_p2        |        or|   0|  0|  10|          10|           4|
    |or_ln141_14_fu_1444_p2        |        or|   0|  0|  10|          10|           4|
    |or_ln141_15_fu_1454_p2        |        or|   0|  0|  10|          10|           5|
    |or_ln141_16_fu_1464_p2        |        or|   0|  0|  10|          10|           5|
    |or_ln141_17_fu_1474_p2        |        or|   0|  0|  10|          10|           5|
    |or_ln141_18_fu_1484_p2        |        or|   0|  0|  10|          10|           5|
    |or_ln141_19_fu_1494_p2        |        or|   0|  0|  10|          10|           5|
    |or_ln141_1_fu_1314_p2         |        or|   0|  0|  10|          10|           2|
    |or_ln141_20_fu_1504_p2        |        or|   0|  0|  10|          10|           5|
    |or_ln141_21_fu_1514_p2        |        or|   0|  0|  10|          10|           5|
    |or_ln141_22_fu_1524_p2        |        or|   0|  0|  10|          10|           5|
    |or_ln141_23_fu_1534_p2        |        or|   0|  0|  10|          10|           5|
    |or_ln141_24_fu_1544_p2        |        or|   0|  0|  10|          10|           5|
    |or_ln141_25_fu_1554_p2        |        or|   0|  0|  10|          10|           5|
    |or_ln141_26_fu_1564_p2        |        or|   0|  0|  10|          10|           5|
    |or_ln141_27_fu_1574_p2        |        or|   0|  0|  10|          10|           5|
    |or_ln141_28_fu_1584_p2        |        or|   0|  0|  10|          10|           5|
    |or_ln141_29_fu_1594_p2        |        or|   0|  0|  10|          10|           5|
    |or_ln141_2_fu_1324_p2         |        or|   0|  0|  10|          10|           2|
    |or_ln141_30_fu_1604_p2        |        or|   0|  0|  10|          10|           5|
    |or_ln141_31_fu_1614_p2        |        or|   0|  0|  10|          10|           6|
    |or_ln141_32_fu_1624_p2        |        or|   0|  0|  10|          10|           6|
    |or_ln141_33_fu_1634_p2        |        or|   0|  0|  10|          10|           6|
    |or_ln141_34_fu_1644_p2        |        or|   0|  0|  10|          10|           6|
    |or_ln141_35_fu_1654_p2        |        or|   0|  0|  10|          10|           6|
    |or_ln141_36_fu_1664_p2        |        or|   0|  0|  10|          10|           6|
    |or_ln141_37_fu_1674_p2        |        or|   0|  0|  10|          10|           6|
    |or_ln141_38_fu_1684_p2        |        or|   0|  0|  10|          10|           6|
    |or_ln141_39_fu_1694_p2        |        or|   0|  0|  10|          10|           6|
    |or_ln141_3_fu_1334_p2         |        or|   0|  0|  10|          10|           3|
    |or_ln141_40_fu_1704_p2        |        or|   0|  0|  10|          10|           6|
    |or_ln141_41_fu_1714_p2        |        or|   0|  0|  10|          10|           6|
    |or_ln141_42_fu_1724_p2        |        or|   0|  0|  10|          10|           6|
    |or_ln141_43_fu_1734_p2        |        or|   0|  0|  10|          10|           6|
    |or_ln141_44_fu_1744_p2        |        or|   0|  0|  10|          10|           6|
    |or_ln141_45_fu_1754_p2        |        or|   0|  0|  10|          10|           6|
    |or_ln141_46_fu_1764_p2        |        or|   0|  0|  10|          10|           6|
    |or_ln141_47_fu_1774_p2        |        or|   0|  0|  10|          10|           6|
    |or_ln141_48_fu_1784_p2        |        or|   0|  0|  10|          10|           6|
    |or_ln141_49_fu_1794_p2        |        or|   0|  0|  10|          10|           6|
    |or_ln141_4_fu_1344_p2         |        or|   0|  0|  10|          10|           3|
    |or_ln141_50_fu_1804_p2        |        or|   0|  0|  10|          10|           6|
    |or_ln141_51_fu_1814_p2        |        or|   0|  0|  10|          10|           6|
    |or_ln141_52_fu_1824_p2        |        or|   0|  0|  10|          10|           6|
    |or_ln141_53_fu_1834_p2        |        or|   0|  0|  10|          10|           6|
    |or_ln141_54_fu_1844_p2        |        or|   0|  0|  10|          10|           6|
    |or_ln141_55_fu_1854_p2        |        or|   0|  0|  10|          10|           6|
    |or_ln141_56_fu_1864_p2        |        or|   0|  0|  10|          10|           6|
    |or_ln141_57_fu_1874_p2        |        or|   0|  0|  10|          10|           6|
    |or_ln141_58_fu_1884_p2        |        or|   0|  0|  10|          10|           6|
    |or_ln141_59_fu_1894_p2        |        or|   0|  0|  10|          10|           6|
    |or_ln141_5_fu_1354_p2         |        or|   0|  0|  10|          10|           3|
    |or_ln141_60_fu_1904_p2        |        or|   0|  0|  10|          10|           6|
    |or_ln141_61_fu_1914_p2        |        or|   0|  0|  10|          10|           6|
    |or_ln141_62_fu_1924_p2        |        or|   0|  0|  10|          10|           6|
    |or_ln141_6_fu_1364_p2         |        or|   0|  0|  10|          10|           3|
    |or_ln141_7_fu_1374_p2         |        or|   0|  0|  10|          10|           4|
    |or_ln141_8_fu_1384_p2         |        or|   0|  0|  10|          10|           4|
    |or_ln141_9_fu_1394_p2         |        or|   0|  0|  10|          10|           4|
    |or_ln141_fu_1303_p2           |        or|   0|  0|  10|          10|           1|
    |ap_enable_pp0                 |       xor|   0|  0|   2|           1|           2|
    +------------------------------+----------+----+---+----+------------+------------+
    |Total                         |          |   0|  0| 673|         651|         339|
    +------------------------------+----------+----+---+----+------------+------------+

    * Multiplexer: 
    +-----------------------------+-----+-----------+-----+-----------+
    |             Name            | LUT | Input Size| Bits| Total Bits|
    +-----------------------------+-----+-----------+-----+-----------+
    |ap_NS_fsm                    |  156|         33|    1|         33|
    |ap_done_int                  |    9|          2|    1|          2|
    |ap_enable_reg_pp0_iter0      |    9|          2|    1|          2|
    |ap_enable_reg_pp0_iter0_reg  |    9|          2|    1|          2|
    |ap_enable_reg_pp0_iter1      |    9|          2|    1|          2|
    |ap_sig_allocacmp_i_15        |    9|          2|    4|          8|
    |delta_weights1_address0      |  156|         33|   10|        330|
    |delta_weights1_address1      |  156|         33|   10|        330|
    |grp_fu_1228_p0               |   13|          3|   64|        192|
    |grp_fu_1228_p1               |  156|         33|   64|       2112|
    |grp_fu_1232_p0               |   13|          3|   64|        192|
    |grp_fu_1232_p1               |  156|         33|   64|       2112|
    |i_fu_300                     |    9|          2|    4|          8|
    +-----------------------------+-----+-----------+-----+-----------+
    |Total                        |  860|        183|  289|       5325|
    +-----------------------------+-----+-----------+-----+-----------+

    * Register: 
    +-----------------------------+----+----+-----+-----------+
    |             Name            | FF | LUT| Bits| Const Bits|
    +-----------------------------+----+----+-----+-----------+
    |ap_CS_fsm                    |  32|   0|   32|          0|
    |ap_done_reg                  |   1|   0|    1|          0|
    |ap_enable_reg_pp0_iter0_reg  |   1|   0|    1|          0|
    |ap_enable_reg_pp0_iter1      |   1|   0|    1|          0|
    |empty_40_reg_2280            |  64|   0|   64|          0|
    |i_15_reg_2261                |   4|   0|    4|          0|
    |i_fu_300                     |   4|   0|    4|          0|
    |icmp_ln139_reg_2266          |   1|   0|    1|          0|
    |reg_1236                     |  64|   0|   64|          0|
    |reg_1241                     |  64|   0|   64|          0|
    |tmp_s_reg_2286               |   4|   0|   10|          6|
    |training_data_load_reg_2275  |  64|   0|   64|          0|
    +-----------------------------+----+----+-----+-----------+
    |Total                        | 304|   0|  310|          6|
    +-----------------------------+----+----+-----+-----------+



================================================================
== Interface
================================================================
* Summary: 
+-----------------------------+-----+-----+------------+------------------------------------+--------------+
|          RTL Ports          | Dir | Bits|  Protocol  |            Source Object           |    C Type    |
+-----------------------------+-----+-----+------------+------------------------------------+--------------+
|ap_clk                       |   in|    1|  ap_ctrl_hs|  backprop_Pipeline_VITIS_LOOP_139_1|  return value|
|ap_rst                       |   in|    1|  ap_ctrl_hs|  backprop_Pipeline_VITIS_LOOP_139_1|  return value|
|ap_start                     |   in|    1|  ap_ctrl_hs|  backprop_Pipeline_VITIS_LOOP_139_1|  return value|
|ap_done                      |  out|    1|  ap_ctrl_hs|  backprop_Pipeline_VITIS_LOOP_139_1|  return value|
|ap_idle                      |  out|    1|  ap_ctrl_hs|  backprop_Pipeline_VITIS_LOOP_139_1|  return value|
|ap_ready                     |  out|    1|  ap_ctrl_hs|  backprop_Pipeline_VITIS_LOOP_139_1|  return value|
|grp_fu_6776_p_din0           |  out|   64|  ap_ctrl_hs|  backprop_Pipeline_VITIS_LOOP_139_1|  return value|
|grp_fu_6776_p_din1           |  out|   64|  ap_ctrl_hs|  backprop_Pipeline_VITIS_LOOP_139_1|  return value|
|grp_fu_6776_p_dout0          |   in|   64|  ap_ctrl_hs|  backprop_Pipeline_VITIS_LOOP_139_1|  return value|
|grp_fu_6776_p_ce             |  out|    1|  ap_ctrl_hs|  backprop_Pipeline_VITIS_LOOP_139_1|  return value|
|grp_fu_6780_p_din0           |  out|   64|  ap_ctrl_hs|  backprop_Pipeline_VITIS_LOOP_139_1|  return value|
|grp_fu_6780_p_din1           |  out|   64|  ap_ctrl_hs|  backprop_Pipeline_VITIS_LOOP_139_1|  return value|
|grp_fu_6780_p_dout0          |   in|   64|  ap_ctrl_hs|  backprop_Pipeline_VITIS_LOOP_139_1|  return value|
|grp_fu_6780_p_ce             |  out|    1|  ap_ctrl_hs|  backprop_Pipeline_VITIS_LOOP_139_1|  return value|
|phi_mul                      |   in|   12|     ap_none|                             phi_mul|        scalar|
|training_data_address0       |  out|   12|   ap_memory|                       training_data|         array|
|training_data_ce0            |  out|    1|   ap_memory|                       training_data|         array|
|training_data_q0             |   in|   64|   ap_memory|                       training_data|         array|
|oracle_activations1_load     |   in|   64|     ap_none|            oracle_activations1_load|        scalar|
|delta_weights1_address0      |  out|   10|   ap_memory|                      delta_weights1|         array|
|delta_weights1_ce0           |  out|    1|   ap_memory|                      delta_weights1|         array|
|delta_weights1_we0           |  out|    1|   ap_memory|                      delta_weights1|         array|
|delta_weights1_d0            |  out|   64|   ap_memory|                      delta_weights1|         array|
|delta_weights1_address1      |  out|   10|   ap_memory|                      delta_weights1|         array|
|delta_weights1_ce1           |  out|    1|   ap_memory|                      delta_weights1|         array|
|delta_weights1_we1           |  out|    1|   ap_memory|                      delta_weights1|         array|
|delta_weights1_d1            |  out|   64|   ap_memory|                      delta_weights1|         array|
|oracle_activations1_load_1   |   in|   64|     ap_none|          oracle_activations1_load_1|        scalar|
|oracle_activations1_load_2   |   in|   64|     ap_none|          oracle_activations1_load_2|        scalar|
|oracle_activations1_load_3   |   in|   64|     ap_none|          oracle_activations1_load_3|        scalar|
|oracle_activations1_load_4   |   in|   64|     ap_none|          oracle_activations1_load_4|        scalar|
|oracle_activations1_load_5   |   in|   64|     ap_none|          oracle_activations1_load_5|        scalar|
|oracle_activations1_load_6   |   in|   64|     ap_none|          oracle_activations1_load_6|        scalar|
|oracle_activations1_load_7   |   in|   64|     ap_none|          oracle_activations1_load_7|        scalar|
|oracle_activations1_load_8   |   in|   64|     ap_none|          oracle_activations1_load_8|        scalar|
|oracle_activations1_load_9   |   in|   64|     ap_none|          oracle_activations1_load_9|        scalar|
|oracle_activations1_load_10  |   in|   64|     ap_none|         oracle_activations1_load_10|        scalar|
|oracle_activations1_load_11  |   in|   64|     ap_none|         oracle_activations1_load_11|        scalar|
|oracle_activations1_load_12  |   in|   64|     ap_none|         oracle_activations1_load_12|        scalar|
|oracle_activations1_load_13  |   in|   64|     ap_none|         oracle_activations1_load_13|        scalar|
|oracle_activations1_load_14  |   in|   64|     ap_none|         oracle_activations1_load_14|        scalar|
|oracle_activations1_load_15  |   in|   64|     ap_none|         oracle_activations1_load_15|        scalar|
|oracle_activations1_load_16  |   in|   64|     ap_none|         oracle_activations1_load_16|        scalar|
|oracle_activations1_load_17  |   in|   64|     ap_none|         oracle_activations1_load_17|        scalar|
|oracle_activations1_load_18  |   in|   64|     ap_none|         oracle_activations1_load_18|        scalar|
|oracle_activations1_load_19  |   in|   64|     ap_none|         oracle_activations1_load_19|        scalar|
|oracle_activations1_load_20  |   in|   64|     ap_none|         oracle_activations1_load_20|        scalar|
|oracle_activations1_load_21  |   in|   64|     ap_none|         oracle_activations1_load_21|        scalar|
|oracle_activations1_load_22  |   in|   64|     ap_none|         oracle_activations1_load_22|        scalar|
|oracle_activations1_load_23  |   in|   64|     ap_none|         oracle_activations1_load_23|        scalar|
|oracle_activations1_load_24  |   in|   64|     ap_none|         oracle_activations1_load_24|        scalar|
|oracle_activations1_load_25  |   in|   64|     ap_none|         oracle_activations1_load_25|        scalar|
|oracle_activations1_load_26  |   in|   64|     ap_none|         oracle_activations1_load_26|        scalar|
|oracle_activations1_load_27  |   in|   64|     ap_none|         oracle_activations1_load_27|        scalar|
|oracle_activations1_load_28  |   in|   64|     ap_none|         oracle_activations1_load_28|        scalar|
|oracle_activations1_load_29  |   in|   64|     ap_none|         oracle_activations1_load_29|        scalar|
|oracle_activations1_load_30  |   in|   64|     ap_none|         oracle_activations1_load_30|        scalar|
|oracle_activations1_load_31  |   in|   64|     ap_none|         oracle_activations1_load_31|        scalar|
|oracle_activations1_load_32  |   in|   64|     ap_none|         oracle_activations1_load_32|        scalar|
|oracle_activations1_load_33  |   in|   64|     ap_none|         oracle_activations1_load_33|        scalar|
|oracle_activations1_load_34  |   in|   64|     ap_none|         oracle_activations1_load_34|        scalar|
|oracle_activations1_load_35  |   in|   64|     ap_none|         oracle_activations1_load_35|        scalar|
|oracle_activations1_load_36  |   in|   64|     ap_none|         oracle_activations1_load_36|        scalar|
|oracle_activations1_load_37  |   in|   64|     ap_none|         oracle_activations1_load_37|        scalar|
|oracle_activations1_load_38  |   in|   64|     ap_none|         oracle_activations1_load_38|        scalar|
|oracle_activations1_load_39  |   in|   64|     ap_none|         oracle_activations1_load_39|        scalar|
|oracle_activations1_load_40  |   in|   64|     ap_none|         oracle_activations1_load_40|        scalar|
|oracle_activations1_load_41  |   in|   64|     ap_none|         oracle_activations1_load_41|        scalar|
|oracle_activations1_load_42  |   in|   64|     ap_none|         oracle_activations1_load_42|        scalar|
|oracle_activations1_load_43  |   in|   64|     ap_none|         oracle_activations1_load_43|        scalar|
|oracle_activations1_load_44  |   in|   64|     ap_none|         oracle_activations1_load_44|        scalar|
|oracle_activations1_load_45  |   in|   64|     ap_none|         oracle_activations1_load_45|        scalar|
|oracle_activations1_load_46  |   in|   64|     ap_none|         oracle_activations1_load_46|        scalar|
|oracle_activations1_load_47  |   in|   64|     ap_none|         oracle_activations1_load_47|        scalar|
|oracle_activations1_load_48  |   in|   64|     ap_none|         oracle_activations1_load_48|        scalar|
|oracle_activations1_load_49  |   in|   64|     ap_none|         oracle_activations1_load_49|        scalar|
|oracle_activations1_load_50  |   in|   64|     ap_none|         oracle_activations1_load_50|        scalar|
|oracle_activations1_load_51  |   in|   64|     ap_none|         oracle_activations1_load_51|        scalar|
|oracle_activations1_load_52  |   in|   64|     ap_none|         oracle_activations1_load_52|        scalar|
|oracle_activations1_load_53  |   in|   64|     ap_none|         oracle_activations1_load_53|        scalar|
|oracle_activations1_load_54  |   in|   64|     ap_none|         oracle_activations1_load_54|        scalar|
|oracle_activations1_load_55  |   in|   64|     ap_none|         oracle_activations1_load_55|        scalar|
|oracle_activations1_load_56  |   in|   64|     ap_none|         oracle_activations1_load_56|        scalar|
|oracle_activations1_load_57  |   in|   64|     ap_none|         oracle_activations1_load_57|        scalar|
|oracle_activations1_load_58  |   in|   64|     ap_none|         oracle_activations1_load_58|        scalar|
|oracle_activations1_load_59  |   in|   64|     ap_none|         oracle_activations1_load_59|        scalar|
|oracle_activations1_load_60  |   in|   64|     ap_none|         oracle_activations1_load_60|        scalar|
|oracle_activations1_load_61  |   in|   64|     ap_none|         oracle_activations1_load_61|        scalar|
|oracle_activations1_load_62  |   in|   64|     ap_none|         oracle_activations1_load_62|        scalar|
|oracle_activations1_load_63  |   in|   64|     ap_none|         oracle_activations1_load_63|        scalar|
+-----------------------------+-----+-----+------------+------------------------------------+--------------+

