

================================================================
== Synthesis Summary Report of 'bfs'
================================================================
+ General Information: 
    * Date:           Tue Jan 16 01:27:15 2024
    * Version:        2020.2 (Build 3064766 on Wed Nov 18 09:12:47 MST 2020)
    * Project:        bfs_syn
    * Solution:       solution (Vivado IP Flow Target)
    * Product family: zynquplus
    * Target device:  xczu19eg-ffvc1760-2-i
    

+ Performance & Resource Estimates: 
    
    PS: '+' for module; 'o' for loop; '*' for dataflow
    +--------------------+------+-------+---------+--------+----------+---------+------+----------+---------+----+-----------+------------+-----+
    |       Modules      | Issue|       | Latency | Latency| Iteration|         | Trip |          |         |    |           |            |     |
    |       & Loops      | Type | Slack | (cycles)|  (ns)  |  Latency | Interval| Count| Pipelined|  BRAM   | DSP|     FF    |     LUT    | URAM|
    +--------------------+------+-------+---------+--------+----------+---------+------+----------+---------+----+-----------+------------+-----+
    |+ bfs               |     -|  -3.88|        -|       -|         -|        -|     -|        no|  1 (~0%)|   -|  500 (~0%)|  1609 (~0%)|    -|
    | o loop_queue       |     -|  -7.30|        -|       -|         -|        -|     -|        no|        -|   -|          -|           -|    -|
    |  o loop_neighbors  |    II|  -7.30|        -|       -|         5|        3|     -|       yes|        -|   -|          -|           -|    -|
    +--------------------+------+-------+---------+--------+----------+---------+------+----------+---------+----+-----------+------------+-----+

