

================================================================
== Synthesis Summary Report of 'ms_mergesort'
================================================================
+ General Information: 
    * Date:           Tue Jan 16 02:18:14 2024
    * Version:        2020.2 (Build 3064766 on Wed Nov 18 09:12:47 MST 2020)
    * Project:        sort_syn
    * Solution:       solution (Vivado IP Flow Target)
    * Product family: zynquplus
    * Target device:  xczu19eg-ffvc1760-2-i
    

+ Performance & Resource Estimates: 
    
    PS: '+' for module; 'o' for loop; '*' for dataflow
    +-----------------------+------+-------+---------+--------+----------+---------+------+----------+---------+----+------------+------------+-----+
    |        Modules        | Issue|       | Latency | Latency| Iteration|         | Trip |          |         |    |            |            |     |
    |        & Loops        | Type | Slack | (cycles)|  (ns)  |  Latency | Interval| Count| Pipelined|  BRAM   | DSP|     FF     |     LUT    | URAM|
    +-----------------------+------+-------+---------+--------+----------+---------+------+----------+---------+----+------------+------------+-----+
    |+ ms_mergesort         |     -|  -3.83|        -|       -|         -|        -|     -|        no|  4 (~0%)|   -|  1103 (~0%)|  2237 (~0%)|    -|
    | + grp_merge_1_fu_124  |     -|  -3.83|        -|       -|         -|        -|     -|        no|  4 (~0%)|   -|   904 (~0%)|  1553 (~0%)|    -|
    |  o merge_label1       |     -|  -7.30|        -|       -|         2|        1|     -|       yes|        -|   -|           -|           -|    -|
    |  o merge_label2       |     -|  -7.30|        -|       -|         2|        1|     -|       yes|        -|   -|           -|           -|    -|
    |  o merge_label3       |     -|  -7.30|        -|       -|         2|        1|     -|       yes|        -|   -|           -|           -|    -|
    | o mergesort_label1    |     -|  -7.30|        -|       -|         -|        -|     -|        no|        -|   -|           -|           -|    -|
    |  o mergesort_label2   |     -|  -7.30|        -|       -|         -|        -|     -|        no|        -|   -|           -|           -|    -|
    +-----------------------+------+-------+---------+--------+----------+---------+------+----------+---------+----+------------+------------+-----+

