

================================================================
== Vitis HLS Report for 'bfs'
================================================================
* Date:           Mon Jan 15 17:41:33 2024

* Version:        2020.2 (Build 3064766 on Wed Nov 18 09:12:47 MST 2020)
* Project:        bfs_syn
* Solution:       solution (Vivado IP Flow Target)
* Product family: zynquplus
* Target device:  xczu19eg-ffvc1760-2-i


================================================================
== Performance Estimates
================================================================
+ Timing: 
    * Summary: 
    +--------+----------+----------+------------+
    |  Clock |  Target  | Estimated| Uncertainty|
    +--------+----------+----------+------------+
    |ap_clk  |  10.00 ns|  3.323 ns|     2.70 ns|
    +--------+----------+----------+------------+

+ Latency: 
    * Summary: 
    +---------+---------+----------+----------+-----+-----+---------+
    |  Latency (cycles) |  Latency (absolute) |  Interval | Pipeline|
    |   min   |   max   |    min   |    max   | min | max |   Type  |
    +---------+---------+----------+----------+-----+-----+---------+
    |        ?|        ?|         ?|         ?|    ?|    ?|     none|
    +---------+---------+----------+----------+-----+-----+---------+

    + Detail: 
        * Instance: 
        N/A

        * Loop: 
        +---------------------+---------+---------+----------+-----------+-----------+------+----------+
        |                     |  Latency (cycles) | Iteration|  Initiation Interval  | Trip |          |
        |      Loop Name      |   min   |   max   |  Latency |  achieved |   target  | Count| Pipelined|
        +---------------------+---------+---------+----------+-----------+-----------+------+----------+
        |- loop_horizons      |        ?|        ?|         ?|          -|          -|     ?|        no|
        | + loop_nodes        |        ?|        ?|         ?|          -|          -|   256|        no|
        |  ++ loop_neighbors  |        ?|        ?|         3|          2|          1|     ?|       yes|
        +---------------------+---------+---------+----------+-----------+-----------+------+----------+



================================================================
== Utilization Estimates
================================================================
* Summary: 
+-----------------+---------+------+---------+--------+-----+
|       Name      | BRAM_18K|  DSP |    FF   |   LUT  | URAM|
+-----------------+---------+------+---------+--------+-----+
|DSP              |        -|     -|        -|       -|    -|
|Expression       |        -|     -|        0|    1388|    -|
|FIFO             |        -|     -|        -|       -|    -|
|Instance         |        -|     -|        -|       -|    -|
|Memory           |        -|     -|        -|       -|    -|
|Multiplexer      |        -|     -|        -|     393|    -|
|Register         |        -|     -|      792|       -|    -|
+-----------------+---------+------+---------+--------+-----+
|Total            |        0|     0|      792|    1781|    0|
+-----------------+---------+------+---------+--------+-----+
|Available        |     1968|  1968|  1045440|  522720|  128|
+-----------------+---------+------+---------+--------+-----+
|Utilization (%)  |        0|     0|       ~0|      ~0|    0|
+-----------------+---------+------+---------+--------+-----+

+ Detail: 
    * Instance: 
    N/A

    * DSP: 
    N/A

    * Memory: 
    N/A

    * FIFO: 
    N/A

    * Expression: 
    +----------------------------+----------+----+---+-----+------------+------------+
    |        Variable Name       | Operation| DSP| FF| LUT | Bitwidth P0| Bitwidth P1|
    +----------------------------+----------+----+---+-----+------------+------------+
    |add_ln13_2_fu_576_p2        |         +|   0|  0|   39|          32|           2|
    |add_ln13_3_fu_625_p2        |         +|   0|  0|   39|          32|           1|
    |add_ln13_4_fu_657_p2        |         +|   0|  0|   39|          32|           2|
    |add_ln13_5_fu_692_p2        |         +|   0|  0|   39|          32|           2|
    |add_ln44_fu_408_p2          |         +|   0|  0|   71|          64|           1|
    |cnt_4_fu_699_p2             |         +|   0|  0|   71|          64|           1|
    |data_in_assign_5_fu_422_p2  |         +|   0|  0|   39|          32|           1|
    |e_2_fu_619_p2               |         +|   0|  0|   71|          64|           1|
    |empty_fu_428_p2             |         +|   0|  0|   15|           8|           1|
    |grp_fu_396_p2               |         +|   0|  0|   39|          32|           1|
    |n_1_fu_434_p2               |         +|   0|  0|   16|           9|           1|
    |icmp_ln110_fu_664_p2        |      icmp|   0|  0|   11|           8|           7|
    |icmp_ln137_fu_478_p2        |      icmp|   0|  0|   29|          64|           1|
    |icmp_ln47_fu_440_p2         |      icmp|   0|  0|   11|           9|          10|
    |icmp_ln48_fu_498_p2         |      icmp|   0|  0|   29|          64|          64|
    |icmp_ln84_1_fu_588_p2       |      icmp|   0|  0|   29|          64|          64|
    |icmp_ln84_fu_582_p2         |      icmp|   0|  0|   29|          64|          64|
    |or_ln12_1_fu_527_p2         |        or|   0|  0|  128|         128|           4|
    |or_ln12_2_fu_569_p2         |        or|   0|  0|  128|         128|           4|
    |or_ln12_3_fu_612_p2         |        or|   0|  0|  128|         128|           4|
    |or_ln12_4_fu_650_p2         |        or|   0|  0|  128|         128|           4|
    |or_ln12_5_fu_685_p2         |        or|   0|  0|  128|         128|           4|
    |or_ln12_fu_471_p2           |        or|   0|  0|  128|         128|           4|
    |ap_enable_pp0               |       xor|   0|  0|    2|           1|           2|
    |ap_enable_reg_pp0_iter1     |       xor|   0|  0|    2|           2|           1|
    +----------------------------+----------+----+---+-----+------------+------------+
    |Total                       |          |   0|  0| 1388|        1445|         251|
    +----------------------------+----------+----+---+-----+------------+------------+

    * Multiplexer: 
    +------------------------------------+----+-----------+-----+-----------+
    |                Name                | LUT| Input Size| Bits| Total Bits|
    +------------------------------------+----+-----------+-----+-----------+
    |ap_NS_fsm                           |  49|          9|    1|          9|
    |ap_enable_reg_pp0_iter1             |  14|          3|    1|          3|
    |ap_phi_mux_cnt_2_phi_fu_357_p4      |  14|          3|   64|        192|
    |ap_phi_mux_cnt_3_phi_fu_384_p6      |   9|          2|   64|        128|
    |ap_phi_mux_e_1_phi_fu_313_p4        |   9|          2|   64|        128|
    |ap_phi_mux_empty_15_phi_fu_346_p4   |  14|          3|   32|         96|
    |ap_phi_mux_p_lcssa41_phi_fu_369_p6  |   9|          2|   32|         64|
    |checkdata_address0                  |  20|          4|   21|         84|
    |checkdata_address1                  |  20|          4|   21|         84|
    |checkdata_d0                        |  20|          4|  128|        512|
    |checkdata_d1                        |  20|          4|  128|        512|
    |checkdata_we0                       |   9|          2|   16|         32|
    |checkdata_we1                       |   9|          2|   16|         32|
    |cnt_1_reg_331                       |   9|          2|   64|        128|
    |cnt_3_reg_380                       |   9|          2|   64|        128|
    |cnt_reg_286                         |   9|          2|   64|        128|
    |e_1_reg_310                         |   9|          2|   64|        128|
    |empty_14_reg_321                    |   9|          2|   32|         64|
    |grp_fu_396_p0                       |  14|          3|   32|         96|
    |horizon_reg_253                     |   9|          2|   64|        128|
    |level_address0                      |  26|          5|    8|         40|
    |level_counts_address0               |  14|          3|    4|         12|
    |level_counts_d0                     |  14|          3|   64|        192|
    |level_d0                            |  14|          3|    8|         24|
    |n_reg_299                           |   9|          2|    9|         18|
    |p_lcssa40_reg_275                   |   9|          2|   32|         64|
    |p_lcssa41_reg_365                   |  14|          3|   32|         96|
    |p_lcssa42_reg_265                   |   9|          2|   32|         64|
    +------------------------------------+----+-----------+-----+-----------+
    |Total                               | 393|         82| 1161|       3186|
    +------------------------------------+----+-----------+-----+-----------+

    * Register: 
    +--------------------------+----+----+-----+-----------+
    |           Name           | FF | LUT| Bits| Const Bits|
    +--------------------------+----+----+-----+-----------+
    |add_ln44_reg_709          |  64|   0|   64|          0|
    |ap_CS_fsm                 |   8|   0|    8|          0|
    |ap_enable_reg_pp0_iter0   |   1|   0|    1|          0|
    |ap_enable_reg_pp0_iter1   |   1|   0|    1|          0|
    |cnt_1_reg_331             |  64|   0|   64|          0|
    |cnt_3_reg_380             |  64|   0|   64|          0|
    |cnt_reg_286               |  64|   0|   64|          0|
    |data_in_assign_5_reg_715  |  32|   0|   32|          0|
    |e_1_reg_310               |  64|   0|   64|          0|
    |e_2_reg_800               |  64|   0|   64|          0|
    |empty_14_reg_321          |  32|   0|   32|          0|
    |empty_reg_721             |   8|   0|    8|          0|
    |global_time_1             |  32|   0|   32|          0|
    |horizon_reg_253           |  64|   0|   64|          0|
    |icmp_ln48_reg_752         |   1|   0|    1|          0|
    |icmp_ln84_1_reg_781       |   1|   0|    1|          0|
    |icmp_ln84_reg_777         |   1|   0|    1|          0|
    |level_addr_2_reg_795      |   8|   0|    8|          0|
    |n_1_reg_726               |   9|   0|    9|          0|
    |n_reg_299                 |   9|   0|    9|          0|
    |p_lcssa40_reg_275         |  32|   0|   32|          0|
    |p_lcssa41_reg_365         |  32|   0|   32|          0|
    |p_lcssa42_reg_265         |  32|   0|   32|          0|
    |tmp_end_reg_766           |  64|   0|   64|          0|
    |trunc_ln11_1_reg_790      |  32|   0|   32|          0|
    |zext_ln47_reg_734         |   9|   0|   64|         55|
    +--------------------------+----+----+-----+-----------+
    |Total                     | 792|   0|  847|         55|
    +--------------------------+----+----+-----+-----------+



================================================================
== Interface
================================================================
* Summary: 
+-----------------------------+-----+-----+------------+----------------------+--------------+
|          RTL Ports          | Dir | Bits|  Protocol  |     Source Object    |    C Type    |
+-----------------------------+-----+-----+------------+----------------------+--------------+
|ap_clk                       |   in|    1|  ap_ctrl_hs|                   bfs|  return value|
|ap_rst                       |   in|    1|  ap_ctrl_hs|                   bfs|  return value|
|ap_start                     |   in|    1|  ap_ctrl_hs|                   bfs|  return value|
|ap_done                      |  out|    1|  ap_ctrl_hs|                   bfs|  return value|
|ap_idle                      |  out|    1|  ap_ctrl_hs|                   bfs|  return value|
|ap_ready                     |  out|    1|  ap_ctrl_hs|                   bfs|  return value|
|nodes_address0               |  out|    8|   ap_memory|                 nodes|         array|
|nodes_ce0                    |  out|    1|   ap_memory|                 nodes|         array|
|nodes_q0                     |   in|  128|   ap_memory|                 nodes|         array|
|edges_address0               |  out|   12|   ap_memory|                 edges|         array|
|edges_ce0                    |  out|    1|   ap_memory|                 edges|         array|
|edges_q0                     |   in|   64|   ap_memory|                 edges|         array|
|starting_node                |   in|   64|     ap_none|         starting_node|        scalar|
|level_address0               |  out|    8|   ap_memory|                 level|         array|
|level_ce0                    |  out|    1|   ap_memory|                 level|         array|
|level_we0                    |  out|    1|   ap_memory|                 level|         array|
|level_d0                     |  out|    8|   ap_memory|                 level|         array|
|level_q0                     |   in|    8|   ap_memory|                 level|         array|
|level_counts_address0        |  out|    4|   ap_memory|          level_counts|         array|
|level_counts_ce0             |  out|    1|   ap_memory|          level_counts|         array|
|level_counts_we0             |  out|    1|   ap_memory|          level_counts|         array|
|level_counts_d0              |  out|   64|   ap_memory|          level_counts|         array|
|checkdata_address0           |  out|   21|   ap_memory|             checkdata|         array|
|checkdata_ce0                |  out|    1|   ap_memory|             checkdata|         array|
|checkdata_we0                |  out|   16|   ap_memory|             checkdata|         array|
|checkdata_d0                 |  out|  128|   ap_memory|             checkdata|         array|
|checkdata_address1           |  out|   21|   ap_memory|             checkdata|         array|
|checkdata_ce1                |  out|    1|   ap_memory|             checkdata|         array|
|checkdata_we1                |  out|   16|   ap_memory|             checkdata|         array|
|checkdata_d1                 |  out|  128|   ap_memory|             checkdata|         array|
|hercules_buffer_size         |  out|   32|      ap_vld|  hercules_buffer_size|       pointer|
|hercules_buffer_size_ap_vld  |  out|    1|      ap_vld|  hercules_buffer_size|       pointer|
+-----------------------------+-----+-----+------------+----------------------+--------------+

